17:44:13 **** Build of configuration Debug for project BME680_Test ****
make -j8 all 
arm-none-eabi-gcc "../Drivers/STM32F4xx_HAL_Driver/Src/stm32f4xx_hal.c" -mcpu=cortex-m4 -std=gnu11 -g3 -DDEBUG -DUSE_HAL_DRIVER -DSTM32F405xx -c -I../Core/Inc -I"E:/Unmei Ongaku Workspace/Sensors/BME680/smlib/Testing/BME680_Test/bme680" -I"E:/Unmei Ongaku Workspace/Sensors/BME680/smlib/Testing/BME680_Test/bme680/bme680_state_machine" -I../Drivers/STM32F4xx_HAL_Driver/Inc -I../Drivers/STM32F4xx_HAL_Driver/Inc/Legacy -I../Drivers/CMSIS/Device/ST/STM32F4xx/Include -I../Drivers/CMSIS/Include -O0 -ffunction-sections -fdata-sections -Wall -fstack-usage -fcyclomatic-complexity -MMD -MP -MF"Drivers/STM32F4xx_HAL_Driver/Src/stm32f4xx_hal.d" -MT"Drivers/STM32F4xx_HAL_Driver/Src/stm32f4xx_hal.o" --specs=nano.specs -mfpu=fpv4-sp-d16 -mfloat-abi=hard -mthumb -o "Drivers/STM32F4xx_HAL_Driver/Src/stm32f4xx_hal.o"
arm-none-eabi-gcc "../Drivers/STM32F4xx_HAL_Driver/Src/stm32f4xx_hal_cortex.c" -mcpu=cortex-m4 -std=gnu11 -g3 -DDEBUG -DUSE_HAL_DRIVER -DSTM32F405xx -c -I../Core/Inc -I"E:/Unmei Ongaku Workspace/Sensors/BME680/smlib/Testing/BME680_Test/bme680" -I"E:/Unmei Ongaku Workspace/Sensors/BME680/smlib/Testing/BME680_Test/bme680/bme680_state_machine" -I../Drivers/STM32F4xx_HAL_Driver/Inc -I../Drivers/STM32F4xx_HAL_Driver/Inc/Legacy -I../Drivers/CMSIS/Device/ST/STM32F4xx/Include -I../Drivers/CMSIS/Include -O0 -ffunction-sections -fdata-sections -Wall -fstack-usage -fcyclomatic-complexity -MMD -MP -MF"Drivers/STM32F4xx_HAL_Driver/Src/stm32f4xx_hal_cortex.d" -MT"Drivers/STM32F4xx_HAL_Driver/Src/stm32f4xx_hal_cortex.o" --specs=nano.specs -mfpu=fpv4-sp-d16 -mfloat-abi=hard -mthumb -o "Drivers/STM32F4xx_HAL_Driver/Src/stm32f4xx_hal_cortex.o"
arm-none-eabi-gcc "../Drivers/STM32F4xx_HAL_Driver/Src/stm32f4xx_hal_dma.c" -mcpu=cortex-m4 -std=gnu11 -g3 -DDEBUG -DUSE_HAL_DRIVER -DSTM32F405xx -c -I../Core/Inc -I"E:/Unmei Ongaku Workspace/Sensors/BME680/smlib/Testing/BME680_Test/bme680" -I"E:/Unmei Ongaku Workspace/Sensors/BME680/smlib/Testing/BME680_Test/bme680/bme680_state_machine" -I../Drivers/STM32F4xx_HAL_Driver/Inc -I../Drivers/STM32F4xx_HAL_Driver/Inc/Legacy -I../Drivers/CMSIS/Device/ST/STM32F4xx/Include -I../Drivers/CMSIS/Include -O0 -ffunction-sections -fdata-sections -Wall -fstack-usage -fcyclomatic-complexity -MMD -MP -MF"Drivers/STM32F4xx_HAL_Driver/Src/stm32f4xx_hal_dma.d" -MT"Drivers/STM32F4xx_HAL_Driver/Src/stm32f4xx_hal_dma.o" --specs=nano.specs -mfpu=fpv4-sp-d16 -mfloat-abi=hard -mthumb -o "Drivers/STM32F4xx_HAL_Driver/Src/stm32f4xx_hal_dma.o"
arm-none-eabi-gcc "../Drivers/STM32F4xx_HAL_Driver/Src/stm32f4xx_hal_dma_ex.c" -mcpu=cortex-m4 -std=gnu11 -g3 -DDEBUG -DUSE_HAL_DRIVER -DSTM32F405xx -c -I../Core/Inc -I"E:/Unmei Ongaku Workspace/Sensors/BME680/smlib/Testing/BME680_Test/bme680" -I"E:/Unmei Ongaku Workspace/Sensors/BME680/smlib/Testing/BME680_Test/bme680/bme680_state_machine" -I../Drivers/STM32F4xx_HAL_Driver/Inc -I../Drivers/STM32F4xx_HAL_Driver/Inc/Legacy -I../Drivers/CMSIS/Device/ST/STM32F4xx/Include -I../Drivers/CMSIS/Include -O0 -ffunction-sections -fdata-sections -Wall -fstack-usage -fcyclomatic-complexity -MMD -MP -MF"Drivers/STM32F4xx_HAL_Driver/Src/stm32f4xx_hal_dma_ex.d" -MT"Drivers/STM32F4xx_HAL_Driver/Src/stm32f4xx_hal_dma_ex.o" --specs=nano.specs -mfpu=fpv4-sp-d16 -mfloat-abi=hard -mthumb -o "Drivers/STM32F4xx_HAL_Driver/Src/stm32f4xx_hal_dma_ex.o"
arm-none-eabi-gcc "../Drivers/STM32F4xx_HAL_Driver/Src/stm32f4xx_hal_exti.c" -mcpu=cortex-m4 -std=gnu11 -g3 -DDEBUG -DUSE_HAL_DRIVER -DSTM32F405xx -c -I../Core/Inc -I"E:/Unmei Ongaku Workspace/Sensors/BME680/smlib/Testing/BME680_Test/bme680" -I"E:/Unmei Ongaku Workspace/Sensors/BME680/smlib/Testing/BME680_Test/bme680/bme680_state_machine" -I../Drivers/STM32F4xx_HAL_Driver/Inc -I../Drivers/STM32F4xx_HAL_Driver/Inc/Legacy -I../Drivers/CMSIS/Device/ST/STM32F4xx/Include -I../Drivers/CMSIS/Include -O0 -ffunction-sections -fdata-sections -Wall -fstack-usage -fcyclomatic-complexity -MMD -MP -MF"Drivers/STM32F4xx_HAL_Driver/Src/stm32f4xx_hal_exti.d" -MT"Drivers/STM32F4xx_HAL_Driver/Src/stm32f4xx_hal_exti.o" --specs=nano.specs -mfpu=fpv4-sp-d16 -mfloat-abi=hard -mthumb -o "Drivers/STM32F4xx_HAL_Driver/Src/stm32f4xx_hal_exti.o"
arm-none-eabi-gcc "../Drivers/STM32F4xx_HAL_Driver/Src/stm32f4xx_hal_flash.c" -mcpu=cortex-m4 -std=gnu11 -g3 -DDEBUG -DUSE_HAL_DRIVER -DSTM32F405xx -c -I../Core/Inc -I"E:/Unmei Ongaku Workspace/Sensors/BME680/smlib/Testing/BME680_Test/bme680" -I"E:/Unmei Ongaku Workspace/Sensors/BME680/smlib/Testing/BME680_Test/bme680/bme680_state_machine" -I../Drivers/STM32F4xx_HAL_Driver/Inc -I../Drivers/STM32F4xx_HAL_Driver/Inc/Legacy -I../Drivers/CMSIS/Device/ST/STM32F4xx/Include -I../Drivers/CMSIS/Include -O0 -ffunction-sections -fdata-sections -Wall -fstack-usage -fcyclomatic-complexity -MMD -MP -MF"Drivers/STM32F4xx_HAL_Driver/Src/stm32f4xx_hal_flash.d" -MT"Drivers/STM32F4xx_HAL_Driver/Src/stm32f4xx_hal_flash.o" --specs=nano.specs -mfpu=fpv4-sp-d16 -mfloat-abi=hard -mthumb -o "Drivers/STM32F4xx_HAL_Driver/Src/stm32f4xx_hal_flash.o"
arm-none-eabi-gcc "../Drivers/STM32F4xx_HAL_Driver/Src/stm32f4xx_hal_flash_ex.c" -mcpu=cortex-m4 -std=gnu11 -g3 -DDEBUG -DUSE_HAL_DRIVER -DSTM32F405xx -c -I../Core/Inc -I"E:/Unmei Ongaku Workspace/Sensors/BME680/smlib/Testing/BME680_Test/bme680" -I"E:/Unmei Ongaku Workspace/Sensors/BME680/smlib/Testing/BME680_Test/bme680/bme680_state_machine" -I../Drivers/STM32F4xx_HAL_Driver/Inc -I../Drivers/STM32F4xx_HAL_Driver/Inc/Legacy -I../Drivers/CMSIS/Device/ST/STM32F4xx/Include -I../Drivers/CMSIS/Include -O0 -ffunction-sections -fdata-sections -Wall -fstack-usage -fcyclomatic-complexity -MMD -MP -MF"Drivers/STM32F4xx_HAL_Driver/Src/stm32f4xx_hal_flash_ex.d" -MT"Drivers/STM32F4xx_HAL_Driver/Src/stm32f4xx_hal_flash_ex.o" --specs=nano.specs -mfpu=fpv4-sp-d16 -mfloat-abi=hard -mthumb -o "Drivers/STM32F4xx_HAL_Driver/Src/stm32f4xx_hal_flash_ex.o"
arm-none-eabi-gcc "../Drivers/STM32F4xx_HAL_Driver/Src/stm32f4xx_hal_flash_ramfunc.c" -mcpu=cortex-m4 -std=gnu11 -g3 -DDEBUG -DUSE_HAL_DRIVER -DSTM32F405xx -c -I../Core/Inc -I"E:/Unmei Ongaku Workspace/Sensors/BME680/smlib/Testing/BME680_Test/bme680" -I"E:/Unmei Ongaku Workspace/Sensors/BME680/smlib/Testing/BME680_Test/bme680/bme680_state_machine" -I../Drivers/STM32F4xx_HAL_Driver/Inc -I../Drivers/STM32F4xx_HAL_Driver/Inc/Legacy -I../Drivers/CMSIS/Device/ST/STM32F4xx/Include -I../Drivers/CMSIS/Include -O0 -ffunction-sections -fdata-sections -Wall -fstack-usage -fcyclomatic-complexity -MMD -MP -MF"Drivers/STM32F4xx_HAL_Driver/Src/stm32f4xx_hal_flash_ramfunc.d" -MT"Drivers/STM32F4xx_HAL_Driver/Src/stm32f4xx_hal_flash_ramfunc.o" --specs=nano.specs -mfpu=fpv4-sp-d16 -mfloat-abi=hard -mthumb -o "Drivers/STM32F4xx_HAL_Driver/Src/stm32f4xx_hal_flash_ramfunc.o"
arm-none-eabi-gcc "../Drivers/STM32F4xx_HAL_Driver/Src/stm32f4xx_hal_gpio.c" -mcpu=cortex-m4 -std=gnu11 -g3 -DDEBUG -DUSE_HAL_DRIVER -DSTM32F405xx -c -I../Core/Inc -I"E:/Unmei Ongaku Workspace/Sensors/BME680/smlib/Testing/BME680_Test/bme680" -I"E:/Unmei Ongaku Workspace/Sensors/BME680/smlib/Testing/BME680_Test/bme680/bme680_state_machine" -I../Drivers/STM32F4xx_HAL_Driver/Inc -I../Drivers/STM32F4xx_HAL_Driver/Inc/Legacy -I../Drivers/CMSIS/Device/ST/STM32F4xx/Include -I../Drivers/CMSIS/Include -O0 -ffunction-sections -fdata-sections -Wall -fstack-usage -fcyclomatic-complexity -MMD -MP -MF"Drivers/STM32F4xx_HAL_Driver/Src/stm32f4xx_hal_gpio.d" -MT"Drivers/STM32F4xx_HAL_Driver/Src/stm32f4xx_hal_gpio.o" --specs=nano.specs -mfpu=fpv4-sp-d16 -mfloat-abi=hard -mthumb -o "Drivers/STM32F4xx_HAL_Driver/Src/stm32f4xx_hal_gpio.o"
arm-none-eabi-gcc "../Drivers/STM32F4xx_HAL_Driver/Src/stm32f4xx_hal_i2c.c" -mcpu=cortex-m4 -std=gnu11 -g3 -DDEBUG -DUSE_HAL_DRIVER -DSTM32F405xx -c -I../Core/Inc -I"E:/Unmei Ongaku Workspace/Sensors/BME680/smlib/Testing/BME680_Test/bme680" -I"E:/Unmei Ongaku Workspace/Sensors/BME680/smlib/Testing/BME680_Test/bme680/bme680_state_machine" -I../Drivers/STM32F4xx_HAL_Driver/Inc -I../Drivers/STM32F4xx_HAL_Driver/Inc/Legacy -I../Drivers/CMSIS/Device/ST/STM32F4xx/Include -I../Drivers/CMSIS/Include -O0 -ffunction-sections -fdata-sections -Wall -fstack-usage -fcyclomatic-complexity -MMD -MP -MF"Drivers/STM32F4xx_HAL_Driver/Src/stm32f4xx_hal_i2c.d" -MT"Drivers/STM32F4xx_HAL_Driver/Src/stm32f4xx_hal_i2c.o" --specs=nano.specs -mfpu=fpv4-sp-d16 -mfloat-abi=hard -mthumb -o "Drivers/STM32F4xx_HAL_Driver/Src/stm32f4xx_hal_i2c.o"
arm-none-eabi-gcc "../Drivers/STM32F4xx_HAL_Driver/Src/stm32f4xx_hal_i2c_ex.c" -mcpu=cortex-m4 -std=gnu11 -g3 -DDEBUG -DUSE_HAL_DRIVER -DSTM32F405xx -c -I../Core/Inc -I"E:/Unmei Ongaku Workspace/Sensors/BME680/smlib/Testing/BME680_Test/bme680" -I"E:/Unmei Ongaku Workspace/Sensors/BME680/smlib/Testing/BME680_Test/bme680/bme680_state_machine" -I../Drivers/STM32F4xx_HAL_Driver/Inc -I../Drivers/STM32F4xx_HAL_Driver/Inc/Legacy -I../Drivers/CMSIS/Device/ST/STM32F4xx/Include -I../Drivers/CMSIS/Include -O0 -ffunction-sections -fdata-sections -Wall -fstack-usage -fcyclomatic-complexity -MMD -MP -MF"Drivers/STM32F4xx_HAL_Driver/Src/stm32f4xx_hal_i2c_ex.d" -MT"Drivers/STM32F4xx_HAL_Driver/Src/stm32f4xx_hal_i2c_ex.o" --specs=nano.specs -mfpu=fpv4-sp-d16 -mfloat-abi=hard -mthumb -o "Drivers/STM32F4xx_HAL_Driver/Src/stm32f4xx_hal_i2c_ex.o"
arm-none-eabi-gcc "../Drivers/STM32F4xx_HAL_Driver/Src/stm32f4xx_hal_pwr.c" -mcpu=cortex-m4 -std=gnu11 -g3 -DDEBUG -DUSE_HAL_DRIVER -DSTM32F405xx -c -I../Core/Inc -I"E:/Unmei Ongaku Workspace/Sensors/BME680/smlib/Testing/BME680_Test/bme680" -I"E:/Unmei Ongaku Workspace/Sensors/BME680/smlib/Testing/BME680_Test/bme680/bme680_state_machine" -I../Drivers/STM32F4xx_HAL_Driver/Inc -I../Drivers/STM32F4xx_HAL_Driver/Inc/Legacy -I../Drivers/CMSIS/Device/ST/STM32F4xx/Include -I../Drivers/CMSIS/Include -O0 -ffunction-sections -fdata-sections -Wall -fstack-usage -fcyclomatic-complexity -MMD -MP -MF"Drivers/STM32F4xx_HAL_Driver/Src/stm32f4xx_hal_pwr.d" -MT"Drivers/STM32F4xx_HAL_Driver/Src/stm32f4xx_hal_pwr.o" --specs=nano.specs -mfpu=fpv4-sp-d16 -mfloat-abi=hard -mthumb -o "Drivers/STM32F4xx_HAL_Driver/Src/stm32f4xx_hal_pwr.o"
arm-none-eabi-gcc "../Drivers/STM32F4xx_HAL_Driver/Src/stm32f4xx_hal_pwr_ex.c" -mcpu=cortex-m4 -std=gnu11 -g3 -DDEBUG -DUSE_HAL_DRIVER -DSTM32F405xx -c -I../Core/Inc -I"E:/Unmei Ongaku Workspace/Sensors/BME680/smlib/Testing/BME680_Test/bme680" -I"E:/Unmei Ongaku Workspace/Sensors/BME680/smlib/Testing/BME680_Test/bme680/bme680_state_machine" -I../Drivers/STM32F4xx_HAL_Driver/Inc -I../Drivers/STM32F4xx_HAL_Driver/Inc/Legacy -I../Drivers/CMSIS/Device/ST/STM32F4xx/Include -I../Drivers/CMSIS/Include -O0 -ffunction-sections -fdata-sections -Wall -fstack-usage -fcyclomatic-complexity -MMD -MP -MF"Drivers/STM32F4xx_HAL_Driver/Src/stm32f4xx_hal_pwr_ex.d" -MT"Drivers/STM32F4xx_HAL_Driver/Src/stm32f4xx_hal_pwr_ex.o" --specs=nano.specs -mfpu=fpv4-sp-d16 -mfloat-abi=hard -mthumb -o "Drivers/STM32F4xx_HAL_Driver/Src/stm32f4xx_hal_pwr_ex.o"
arm-none-eabi-gcc "../Drivers/STM32F4xx_HAL_Driver/Src/stm32f4xx_hal_rcc.c" -mcpu=cortex-m4 -std=gnu11 -g3 -DDEBUG -DUSE_HAL_DRIVER -DSTM32F405xx -c -I../Core/Inc -I"E:/Unmei Ongaku Workspace/Sensors/BME680/smlib/Testing/BME680_Test/bme680" -I"E:/Unmei Ongaku Workspace/Sensors/BME680/smlib/Testing/BME680_Test/bme680/bme680_state_machine" -I../Drivers/STM32F4xx_HAL_Driver/Inc -I../Drivers/STM32F4xx_HAL_Driver/Inc/Legacy -I../Drivers/CMSIS/Device/ST/STM32F4xx/Include -I../Drivers/CMSIS/Include -O0 -ffunction-sections -fdata-sections -Wall -fstack-usage -fcyclomatic-complexity -MMD -MP -MF"Drivers/STM32F4xx_HAL_Driver/Src/stm32f4xx_hal_rcc.d" -MT"Drivers/STM32F4xx_HAL_Driver/Src/stm32f4xx_hal_rcc.o" --specs=nano.specs -mfpu=fpv4-sp-d16 -mfloat-abi=hard -mthumb -o "Drivers/STM32F4xx_HAL_Driver/Src/stm32f4xx_hal_rcc.o"
arm-none-eabi-gcc "../Drivers/STM32F4xx_HAL_Driver/Src/stm32f4xx_hal_rcc_ex.c" -mcpu=cortex-m4 -std=gnu11 -g3 -DDEBUG -DUSE_HAL_DRIVER -DSTM32F405xx -c -I../Core/Inc -I"E:/Unmei Ongaku Workspace/Sensors/BME680/smlib/Testing/BME680_Test/bme680" -I"E:/Unmei Ongaku Workspace/Sensors/BME680/smlib/Testing/BME680_Test/bme680/bme680_state_machine" -I../Drivers/STM32F4xx_HAL_Driver/Inc -I../Drivers/STM32F4xx_HAL_Driver/Inc/Legacy -I../Drivers/CMSIS/Device/ST/STM32F4xx/Include -I../Drivers/CMSIS/Include -O0 -ffunction-sections -fdata-sections -Wall -fstack-usage -fcyclomatic-complexity -MMD -MP -MF"Drivers/STM32F4xx_HAL_Driver/Src/stm32f4xx_hal_rcc_ex.d" -MT"Drivers/STM32F4xx_HAL_Driver/Src/stm32f4xx_hal_rcc_ex.o" --specs=nano.specs -mfpu=fpv4-sp-d16 -mfloat-abi=hard -mthumb -o "Drivers/STM32F4xx_HAL_Driver/Src/stm32f4xx_hal_rcc_ex.o"
arm-none-eabi-gcc "../Drivers/STM32F4xx_HAL_Driver/Src/stm32f4xx_hal_tim.c" -mcpu=cortex-m4 -std=gnu11 -g3 -DDEBUG -DUSE_HAL_DRIVER -DSTM32F405xx -c -I../Core/Inc -I"E:/Unmei Ongaku Workspace/Sensors/BME680/smlib/Testing/BME680_Test/bme680" -I"E:/Unmei Ongaku Workspace/Sensors/BME680/smlib/Testing/BME680_Test/bme680/bme680_state_machine" -I../Drivers/STM32F4xx_HAL_Driver/Inc -I../Drivers/STM32F4xx_HAL_Driver/Inc/Legacy -I../Drivers/CMSIS/Device/ST/STM32F4xx/Include -I../Drivers/CMSIS/Include -O0 -ffunction-sections -fdata-sections -Wall -fstack-usage -fcyclomatic-complexity -MMD -MP -MF"Drivers/STM32F4xx_HAL_Driver/Src/stm32f4xx_hal_tim.d" -MT"Drivers/STM32F4xx_HAL_Driver/Src/stm32f4xx_hal_tim.o" --specs=nano.specs -mfpu=fpv4-sp-d16 -mfloat-abi=hard -mthumb -o "Drivers/STM32F4xx_HAL_Driver/Src/stm32f4xx_hal_tim.o"
arm-none-eabi-gcc "../Drivers/STM32F4xx_HAL_Driver/Src/stm32f4xx_hal_tim_ex.c" -mcpu=cortex-m4 -std=gnu11 -g3 -DDEBUG -DUSE_HAL_DRIVER -DSTM32F405xx -c -I../Core/Inc -I"E:/Unmei Ongaku Workspace/Sensors/BME680/smlib/Testing/BME680_Test/bme680" -I"E:/Unmei Ongaku Workspace/Sensors/BME680/smlib/Testing/BME680_Test/bme680/bme680_state_machine" -I../Drivers/STM32F4xx_HAL_Driver/Inc -I../Drivers/STM32F4xx_HAL_Driver/Inc/Legacy -I../Drivers/CMSIS/Device/ST/STM32F4xx/Include -I../Drivers/CMSIS/Include -O0 -ffunction-sections -fdata-sections -Wall -fstack-usage -fcyclomatic-complexity -MMD -MP -MF"Drivers/STM32F4xx_HAL_Driver/Src/stm32f4xx_hal_tim_ex.d" -MT"Drivers/STM32F4xx_HAL_Driver/Src/stm32f4xx_hal_tim_ex.o" --specs=nano.specs -mfpu=fpv4-sp-d16 -mfloat-abi=hard -mthumb -o "Drivers/STM32F4xx_HAL_Driver/Src/stm32f4xx_hal_tim_ex.o"
arm-none-eabi-gcc -mcpu=cortex-m4 -g3 -DDEBUG -c -x assembler-with-cpp -MMD -MP -MF"Core/Startup/startup_stm32f405rgtx.d" -MT"Core/Startup/startup_stm32f405rgtx.o" --specs=nano.specs -mfpu=fpv4-sp-d16 -mfloat-abi=hard -mthumb -o "Core/Startup/startup_stm32f405rgtx.o" "../Core/Startup/startup_stm32f405rgtx.s"
arm-none-eabi-gcc "../Core/Src/gpio.c" -mcpu=cortex-m4 -std=gnu11 -g3 -DDEBUG -DUSE_HAL_DRIVER -DSTM32F405xx -c -I../Core/Inc -I"E:/Unmei Ongaku Workspace/Sensors/BME680/smlib/Testing/BME680_Test/bme680" -I"E:/Unmei Ongaku Workspace/Sensors/BME680/smlib/Testing/BME680_Test/bme680/bme680_state_machine" -I../Drivers/STM32F4xx_HAL_Driver/Inc -I../Drivers/STM32F4xx_HAL_Driver/Inc/Legacy -I../Drivers/CMSIS/Device/ST/STM32F4xx/Include -I../Drivers/CMSIS/Include -O0 -ffunction-sections -fdata-sections -Wall -fstack-usage -fcyclomatic-complexity -MMD -MP -MF"Core/Src/gpio.d" -MT"Core/Src/gpio.o" --specs=nano.specs -mfpu=fpv4-sp-d16 -mfloat-abi=hard -mthumb -o "Core/Src/gpio.o"
arm-none-eabi-gcc "../Core/Src/i2c.c" -mcpu=cortex-m4 -std=gnu11 -g3 -DDEBUG -DUSE_HAL_DRIVER -DSTM32F405xx -c -I../Core/Inc -I"E:/Unmei Ongaku Workspace/Sensors/BME680/smlib/Testing/BME680_Test/bme680" -I"E:/Unmei Ongaku Workspace/Sensors/BME680/smlib/Testing/BME680_Test/bme680/bme680_state_machine" -I../Drivers/STM32F4xx_HAL_Driver/Inc -I../Drivers/STM32F4xx_HAL_Driver/Inc/Legacy -I../Drivers/CMSIS/Device/ST/STM32F4xx/Include -I../Drivers/CMSIS/Include -O0 -ffunction-sections -fdata-sections -Wall -fstack-usage -fcyclomatic-complexity -MMD -MP -MF"Core/Src/i2c.d" -MT"Core/Src/i2c.o" --specs=nano.specs -mfpu=fpv4-sp-d16 -mfloat-abi=hard -mthumb -o "Core/Src/i2c.o"
arm-none-eabi-gcc "../Core/Src/main.c" -mcpu=cortex-m4 -std=gnu11 -g3 -DDEBUG -DUSE_HAL_DRIVER -DSTM32F405xx -c -I../Core/Inc -I"E:/Unmei Ongaku Workspace/Sensors/BME680/smlib/Testing/BME680_Test/bme680" -I"E:/Unmei Ongaku Workspace/Sensors/BME680/smlib/Testing/BME680_Test/bme680/bme680_state_machine" -I../Drivers/STM32F4xx_HAL_Driver/Inc -I../Drivers/STM32F4xx_HAL_Driver/Inc/Legacy -I../Drivers/CMSIS/Device/ST/STM32F4xx/Include -I../Drivers/CMSIS/Include -O0 -ffunction-sections -fdata-sections -Wall -fstack-usage -fcyclomatic-complexity -MMD -MP -MF"Core/Src/main.d" -MT"Core/Src/main.o" --specs=nano.specs -mfpu=fpv4-sp-d16 -mfloat-abi=hard -mthumb -o "Core/Src/main.o"
arm-none-eabi-gcc "../Core/Src/stm32f4xx_hal_msp.c" -mcpu=cortex-m4 -std=gnu11 -g3 -DDEBUG -DUSE_HAL_DRIVER -DSTM32F405xx -c -I../Core/Inc -I"E:/Unmei Ongaku Workspace/Sensors/BME680/smlib/Testing/BME680_Test/bme680" -I"E:/Unmei Ongaku Workspace/Sensors/BME680/smlib/Testing/BME680_Test/bme680/bme680_state_machine" -I../Drivers/STM32F4xx_HAL_Driver/Inc -I../Drivers/STM32F4xx_HAL_Driver/Inc/Legacy -I../Drivers/CMSIS/Device/ST/STM32F4xx/Include -I../Drivers/CMSIS/Include -O0 -ffunction-sections -fdata-sections -Wall -fstack-usage -fcyclomatic-complexity -MMD -MP -MF"Core/Src/stm32f4xx_hal_msp.d" -MT"Core/Src/stm32f4xx_hal_msp.o" --specs=nano.specs -mfpu=fpv4-sp-d16 -mfloat-abi=hard -mthumb -o "Core/Src/stm32f4xx_hal_msp.o"
arm-none-eabi-gcc "../Core/Src/stm32f4xx_it.c" -mcpu=cortex-m4 -std=gnu11 -g3 -DDEBUG -DUSE_HAL_DRIVER -DSTM32F405xx -c -I../Core/Inc -I"E:/Unmei Ongaku Workspace/Sensors/BME680/smlib/Testing/BME680_Test/bme680" -I"E:/Unmei Ongaku Workspace/Sensors/BME680/smlib/Testing/BME680_Test/bme680/bme680_state_machine" -I../Drivers/STM32F4xx_HAL_Driver/Inc -I../Drivers/STM32F4xx_HAL_Driver/Inc/Legacy -I../Drivers/CMSIS/Device/ST/STM32F4xx/Include -I../Drivers/CMSIS/Include -O0 -ffunction-sections -fdata-sections -Wall -fstack-usage -fcyclomatic-complexity -MMD -MP -MF"Core/Src/stm32f4xx_it.d" -MT"Core/Src/stm32f4xx_it.o" --specs=nano.specs -mfpu=fpv4-sp-d16 -mfloat-abi=hard -mthumb -o "Core/Src/stm32f4xx_it.o"
arm-none-eabi-gcc "../Core/Src/syscalls.c" -mcpu=cortex-m4 -std=gnu11 -g3 -DDEBUG -DUSE_HAL_DRIVER -DSTM32F405xx -c -I../Core/Inc -I"E:/Unmei Ongaku Workspace/Sensors/BME680/smlib/Testing/BME680_Test/bme680" -I"E:/Unmei Ongaku Workspace/Sensors/BME680/smlib/Testing/BME680_Test/bme680/bme680_state_machine" -I../Drivers/STM32F4xx_HAL_Driver/Inc -I../Drivers/STM32F4xx_HAL_Driver/Inc/Legacy -I../Drivers/CMSIS/Device/ST/STM32F4xx/Include -I../Drivers/CMSIS/Include -O0 -ffunction-sections -fdata-sections -Wall -fstack-usage -fcyclomatic-complexity -MMD -MP -MF"Core/Src/syscalls.d" -MT"Core/Src/syscalls.o" --specs=nano.specs -mfpu=fpv4-sp-d16 -mfloat-abi=hard -mthumb -o "Core/Src/syscalls.o"
arm-none-eabi-gcc "../Core/Src/sysmem.c" -mcpu=cortex-m4 -std=gnu11 -g3 -DDEBUG -DUSE_HAL_DRIVER -DSTM32F405xx -c -I../Core/Inc -I"E:/Unmei Ongaku Workspace/Sensors/BME680/smlib/Testing/BME680_Test/bme680" -I"E:/Unmei Ongaku Workspace/Sensors/BME680/smlib/Testing/BME680_Test/bme680/bme680_state_machine" -I../Drivers/STM32F4xx_HAL_Driver/Inc -I../Drivers/STM32F4xx_HAL_Driver/Inc/Legacy -I../Drivers/CMSIS/Device/ST/STM32F4xx/Include -I../Drivers/CMSIS/Include -O0 -ffunction-sections -fdata-sections -Wall -fstack-usage -fcyclomatic-complexity -MMD -MP -MF"Core/Src/sysmem.d" -MT"Core/Src/sysmem.o" --specs=nano.specs -mfpu=fpv4-sp-d16 -mfloat-abi=hard -mthumb -o "Core/Src/sysmem.o"
arm-none-eabi-gcc "../Core/Src/system_stm32f4xx.c" -mcpu=cortex-m4 -std=gnu11 -g3 -DDEBUG -DUSE_HAL_DRIVER -DSTM32F405xx -c -I../Core/Inc -I"E:/Unmei Ongaku Workspace/Sensors/BME680/smlib/Testing/BME680_Test/bme680" -I"E:/Unmei Ongaku Workspace/Sensors/BME680/smlib/Testing/BME680_Test/bme680/bme680_state_machine" -I../Drivers/STM32F4xx_HAL_Driver/Inc -I../Drivers/STM32F4xx_HAL_Driver/Inc/Legacy -I../Drivers/CMSIS/Device/ST/STM32F4xx/Include -I../Drivers/CMSIS/Include -O0 -ffunction-sections -fdata-sections -Wall -fstack-usage -fcyclomatic-complexity -MMD -MP -MF"Core/Src/system_stm32f4xx.d" -MT"Core/Src/system_stm32f4xx.o" --specs=nano.specs -mfpu=fpv4-sp-d16 -mfloat-abi=hard -mthumb -o "Core/Src/system_stm32f4xx.o"
arm-none-eabi-gcc -o "BME680_Test.elf" @"objects.list"   -mcpu=cortex-m4 -T"E:\Unmei Ongaku Workspace\Sensors\BME680\smlib\Testing\BME680_Test\STM32F405RGTX_FLASH.ld" --specs=nosys.specs -Wl,-Map="BME680_Test.map" -Wl,--gc-sections -static --specs=nano.specs -mfpu=fpv4-sp-d16 -mfloat-abi=hard -mthumb -Wl,--start-group -lc -lm -Wl,--end-group
Finished building target: BME680_Test.elf
 
arm-none-eabi-size   BME680_Test.elf 
arm-none-eabi-objdump -h -S  BME680_Test.elf  > "BME680_Test.list"
   text	   data	    bss	    dec	    hex	filename
   6556	     20	   1652	   8228	   2024	BME680_Test.elf
Finished building: default.size.stdout
 
Finished building: BME680_Test.list
 
17:44:36 **** Incremental Build of configuration Debug for project BME680_Test ****
make -j8 all 
arm-none-eabi-gcc "../Core/Src/main.c" -mcpu=cortex-m4 -std=gnu11 -g3 -DDEBUG -DUSE_HAL_DRIVER -DSTM32F405xx -c -I../Core/Inc -I"E:/Unmei Ongaku Workspace/Sensors/BME680/smlib/Testing/BME680_Test/bme680" -I"E:/Unmei Ongaku Workspace/Sensors/BME680/smlib/Testing/BME680_Test/bme680/bme680_state_machine" -I../Drivers/STM32F4xx_HAL_Driver/Inc -I../Drivers/STM32F4xx_HAL_Driver/Inc/Legacy -I../Drivers/CMSIS/Device/ST/STM32F4xx/Include -I../Drivers/CMSIS/Include -O0 -ffunction-sections -fdata-sections -Wall -fstack-usage -fcyclomatic-complexity -MMD -MP -MF"Core/Src/main.d" -MT"Core/Src/main.o" --specs=nano.specs -mfpu=fpv4-sp-d16 -mfloat-abi=hard -mthumb -o "Core/Src/main.o"
In file included from E:/Unmei Ongaku Workspace/Sensors/BME680/smlib/Testing/BME680_Test/bme680/bme680_state_machine/bme_active_object.h:13,
                 from ../Core/Src/main.c:26:
E:/Unmei Ongaku Workspace/Sensors/BME680/smlib/Testing/BME680_Test/bme680/bme68x.h:49:10: fatal error: user_define.h: No such file or directory
   49 | #include "user_define.h"
      |          ^~~~~~~~~~~~~~~
compilation terminated.
make: *** [Core/Src/subdir.mk:40: Core/Src/main.o] Error 1
"make -j8 all" terminated with exit code 2. Build might be incomplete.
17:45:18 **** Incremental Build of configuration Debug for project BME680_Test ****
make -j8 all 
arm-none-eabi-gcc "../Core/Src/main.c" -mcpu=cortex-m4 -std=gnu11 -g3 -DDEBUG -DUSE_HAL_DRIVER -DSTM32F405xx -c -I../Core/Inc -I"E:/Unmei Ongaku Workspace/Sensors/BME680/smlib/Testing/BME680_Test/bme680" -I"E:/Unmei Ongaku Workspace/Sensors/BME680/smlib/Testing/BME680_Test/bme680/bme680_state_machine" -I../Drivers/STM32F4xx_HAL_Driver/Inc -I../Drivers/STM32F4xx_HAL_Driver/Inc/Legacy -I../Drivers/CMSIS/Device/ST/STM32F4xx/Include -I../Drivers/CMSIS/Include -O0 -ffunction-sections -fdata-sections -Wall -fstack-usage -fcyclomatic-complexity -MMD -MP -MF"Core/Src/main.d" -MT"Core/Src/main.o" --specs=nano.specs -mfpu=fpv4-sp-d16 -mfloat-abi=hard -mthumb -o "Core/Src/main.o"
arm-none-eabi-gcc -o "BME680_Test.elf" @"objects.list"   -mcpu=cortex-m4 -T"E:\Unmei Ongaku Workspace\Sensors\BME680\smlib\Testing\BME680_Test\STM32F405RGTX_FLASH.ld" --specs=nosys.specs -Wl,-Map="BME680_Test.map" -Wl,--gc-sections -static --specs=nano.specs -mfpu=fpv4-sp-d16 -mfloat-abi=hard -mthumb -Wl,--start-group -lc -lm -Wl,--end-group
Finished building target: BME680_Test.elf
 
arm-none-eabi-size   BME680_Test.elf 
arm-none-eabi-objdump -h -S  BME680_Test.elf  > "BME680_Test.list"
   text	   data	    bss	    dec	    hex	filename
   6556	     20	   1652	   8228	   2024	BME680_Test.elf
Finished building: default.size.stdout
 
Finished building: BME680_Test.list
 
17:45:57 **** Incremental Build of configuration Debug for project BME680_Test ****
make -j8 all 
arm-none-eabi-size   BME680_Test.elf 
   text	   data	    bss	    dec	    hex	filename
   6556	     20	   1652	   8228	   2024	BME680_Test.elf
Finished building: default.size.stdout
 
17:46:35 **** Incremental Build of configuration Debug for project BME680_Test ****
make -j8 all 
arm-none-eabi-gcc "../Core/Src/main.c" -mcpu=cortex-m4 -std=gnu11 -g3 -DDEBUG -DUSE_HAL_DRIVER -DSTM32F405xx -c -I../Core/Inc -I"E:/Unmei Ongaku Workspace/Sensors/BME680/smlib/Testing/BME680_Test/bme680" -I"E:/Unmei Ongaku Workspace/Sensors/BME680/smlib/Testing/BME680_Test/bme680/bme680_state_machine" -I../Drivers/STM32F4xx_HAL_Driver/Inc -I../Drivers/STM32F4xx_HAL_Driver/Inc/Legacy -I../Drivers/CMSIS/Device/ST/STM32F4xx/Include -I../Drivers/CMSIS/Include -O0 -ffunction-sections -fdata-sections -Wall -fstack-usage -fcyclomatic-complexity -MMD -MP -MF"Core/Src/main.d" -MT"Core/Src/main.o" --specs=nano.specs -mfpu=fpv4-sp-d16 -mfloat-abi=hard -mthumb -o "Core/Src/main.o"
../Core/Src/main.c: In function 'main':
../Core/Src/main.c:68:9: warning: implicit declaration of function 'bme_global_init' [-Wimplicit-function-declaration]
   68 |         bme_global_init();
      |         ^~~~~~~~~~~~~~~
arm-none-eabi-gcc -o "BME680_Test.elf" @"objects.list"   -mcpu=cortex-m4 -T"E:\Unmei Ongaku Workspace\Sensors\BME680\smlib\Testing\BME680_Test\STM32F405RGTX_FLASH.ld" --specs=nosys.specs -Wl,-Map="BME680_Test.map" -Wl,--gc-sections -static --specs=nano.specs -mfpu=fpv4-sp-d16 -mfloat-abi=hard -mthumb -Wl,--start-group -lc -lm -Wl,--end-group
C:/ST/STM32CubeIDE_1.13.2/STM32CubeIDE/plugins/com.st.stm32cube.ide.mcu.externaltools.gnu-tools-for-stm32.11.3.rel1.win32_1.1.1.202309131626/tools/bin/../lib/gcc/arm-none-eabi/11.3.1/../../../../arm-none-eabi/bin/ld.exe: ./Core/Src/main.o: in function `main':
E:/Unmei Ongaku Workspace/Sensors/BME680/smlib/Testing/BME680_Test/Debug/../Core/Src/main.c:68: undefined reference to `bme_global_init'
collect2.exe: error: ld returned 1 exit status
make: *** [makefile:64: BME680_Test.elf] Error 1
"make -j8 all" terminated with exit code 2. Build might be incomplete.
17:46:55 **** Incremental Build of configuration Debug for project BME680_Test ****
make -j8 all 
arm-none-eabi-gcc "../Core/Src/main.c" -mcpu=cortex-m4 -std=gnu11 -g3 -DDEBUG -DUSE_HAL_DRIVER -DSTM32F405xx -c -I../Core/Inc -I"E:/Unmei Ongaku Workspace/Sensors/BME680/smlib/Testing/BME680_Test/bme680" -I"E:/Unmei Ongaku Workspace/Sensors/BME680/smlib/Testing/BME680_Test/bme680/bme680_state_machine" -I../Drivers/STM32F4xx_HAL_Driver/Inc -I../Drivers/STM32F4xx_HAL_Driver/Inc/Legacy -I../Drivers/CMSIS/Device/ST/STM32F4xx/Include -I../Drivers/CMSIS/Include -O0 -ffunction-sections -fdata-sections -Wall -fstack-usage -fcyclomatic-complexity -MMD -MP -MF"Core/Src/main.d" -MT"Core/Src/main.o" --specs=nano.specs -mfpu=fpv4-sp-d16 -mfloat-abi=hard -mthumb -o "Core/Src/main.o"
arm-none-eabi-gcc -o "BME680_Test.elf" @"objects.list"   -mcpu=cortex-m4 -T"E:\Unmei Ongaku Workspace\Sensors\BME680\smlib\Testing\BME680_Test\STM32F405RGTX_FLASH.ld" --specs=nosys.specs -Wl,-Map="BME680_Test.map" -Wl,--gc-sections -static --specs=nano.specs -mfpu=fpv4-sp-d16 -mfloat-abi=hard -mthumb -Wl,--start-group -lc -lm -Wl,--end-group
C:/ST/STM32CubeIDE_1.13.2/STM32CubeIDE/plugins/com.st.stm32cube.ide.mcu.externaltools.gnu-tools-for-stm32.11.3.rel1.win32_1.1.1.202309131626/tools/bin/../lib/gcc/arm-none-eabi/11.3.1/../../../../arm-none-eabi/bin/ld.exe: ./Core/Src/main.o: in function `main':
E:/Unmei Ongaku Workspace/Sensors/BME680/smlib/Testing/BME680_Test/Debug/../Core/Src/main.c:69: undefined reference to `bme_global_init'
collect2.exe: error: ld returned 1 exit status
make: *** [makefile:64: BME680_Test.elf] Error 1
"make -j8 all" terminated with exit code 2. Build might be incomplete.
17:47:40 **** Incremental Build of configuration Debug for project BME680_Test ****
make -j8 all 
arm-none-eabi-gcc "../Core/Src/main.c" -mcpu=cortex-m4 -std=gnu11 -g3 -DDEBUG -DUSE_HAL_DRIVER -DSTM32F405xx -c -I../Core/Inc -I"E:/Unmei Ongaku Workspace/Sensors/BME680/smlib/Testing/BME680_Test/bme680" -I"E:/Unmei Ongaku Workspace/Sensors/BME680/smlib/Testing/BME680_Test/bme680/bme680_state_machine" -I../Drivers/STM32F4xx_HAL_Driver/Inc -I../Drivers/STM32F4xx_HAL_Driver/Inc/Legacy -I../Drivers/CMSIS/Device/ST/STM32F4xx/Include -I../Drivers/CMSIS/Include -O0 -ffunction-sections -fdata-sections -Wall -fstack-usage -fcyclomatic-complexity -MMD -MP -MF"Core/Src/main.d" -MT"Core/Src/main.o" --specs=nano.specs -mfpu=fpv4-sp-d16 -mfloat-abi=hard -mthumb -o "Core/Src/main.o"
arm-none-eabi-gcc -o "BME680_Test.elf" @"objects.list"   -mcpu=cortex-m4 -T"E:\Unmei Ongaku Workspace\Sensors\BME680\smlib\Testing\BME680_Test\STM32F405RGTX_FLASH.ld" --specs=nosys.specs -Wl,-Map="BME680_Test.map" -Wl,--gc-sections -static --specs=nano.specs -mfpu=fpv4-sp-d16 -mfloat-abi=hard -mthumb -Wl,--start-group -lc -lm -Wl,--end-group
C:/ST/STM32CubeIDE_1.13.2/STM32CubeIDE/plugins/com.st.stm32cube.ide.mcu.externaltools.gnu-tools-for-stm32.11.3.rel1.win32_1.1.1.202309131626/tools/bin/../lib/gcc/arm-none-eabi/11.3.1/../../../../arm-none-eabi/bin/ld.exe: ./Core/Src/main.o: in function `main':
E:/Unmei Ongaku Workspace/Sensors/BME680/smlib/Testing/BME680_Test/Debug/../Core/Src/main.c:69: undefined reference to `bme_global_init'
collect2.exe: error: ld returned 1 exit status
make: *** [makefile:64: BME680_Test.elf] Error 1
"make -j8 all" terminated with exit code 2. Build might be incomplete.
17:48:16 **** Clean-only build of configuration Debug for project BME680_Test ****
make -j8 clean 
rm -rf ./Drivers/STM32F4xx_HAL_Driver/Src/stm32f4xx_hal.cyclo ./Drivers/STM32F4xx_HAL_Driver/Src/stm32f4xx_hal.d ./Drivers/STM32F4xx_HAL_Driver/Src/stm32f4xx_hal.o ./Drivers/STM32F4xx_HAL_Driver/Src/stm32f4xx_hal.su ./Drivers/STM32F4xx_HAL_Driver/Src/stm32f4xx_hal_cortex.cyclo ./Drivers/STM32F4xx_HAL_Driver/Src/stm32f4xx_hal_cortex.d ./Drivers/STM32F4xx_HAL_Driver/Src/stm32f4xx_hal_cortex.o ./Drivers/STM32F4xx_HAL_Driver/Src/stm32f4xx_hal_cortex.su ./Drivers/STM32F4xx_HAL_Driver/Src/stm32f4xx_hal_dma.cyclo ./Drivers/STM32F4xx_HAL_Driver/Src/stm32f4xx_hal_dma.d ./Drivers/STM32F4xx_HAL_Driver/Src/stm32f4xx_hal_dma.o ./Drivers/STM32F4xx_HAL_Driver/Src/stm32f4xx_hal_dma.su ./Drivers/STM32F4xx_HAL_Driver/Src/stm32f4xx_hal_dma_ex.cyclo ./Drivers/STM32F4xx_HAL_Driver/Src/stm32f4xx_hal_dma_ex.d ./Drivers/STM32F4xx_HAL_Driver/Src/stm32f4xx_hal_dma_ex.o ./Drivers/STM32F4xx_HAL_Driver/Src/stm32f4xx_hal_dma_ex.su ./Drivers/STM32F4xx_HAL_Driver/Src/stm32f4xx_hal_exti.cyclo ./Drivers/STM32F4xx_HAL_Driver/Src/stm32f4xx_hal_exti.d ./Drivers/STM32F4xx_HAL_Driver/Src/stm32f4xx_hal_exti.o ./Drivers/STM32F4xx_HAL_Driver/Src/stm32f4xx_hal_exti.su ./Drivers/STM32F4xx_HAL_Driver/Src/stm32f4xx_hal_flash.cyclo ./Drivers/STM32F4xx_HAL_Driver/Src/stm32f4xx_hal_flash.d ./Drivers/STM32F4xx_HAL_Driver/Src/stm32f4xx_hal_flash.o ./Drivers/STM32F4xx_HAL_Driver/Src/stm32f4xx_hal_flash.su ./Drivers/STM32F4xx_HAL_Driver/Src/stm32f4xx_hal_flash_ex.cyclo ./Drivers/STM32F4xx_HAL_Driver/Src/stm32f4xx_hal_flash_ex.d ./Drivers/STM32F4xx_HAL_Driver/Src/stm32f4xx_hal_flash_ex.o ./Drivers/STM32F4xx_HAL_Driver/Src/stm32f4xx_hal_flash_ex.su ./Drivers/STM32F4xx_HAL_Driver/Src/stm32f4xx_hal_flash_ramfunc.cyclo ./Drivers/STM32F4xx_HAL_Driver/Src/stm32f4xx_hal_flash_ramfunc.d ./Drivers/STM32F4xx_HAL_Driver/Src/stm32f4xx_hal_flash_ramfunc.o ./Drivers/STM32F4xx_HAL_Driver/Src/stm32f4xx_hal_flash_ramfunc.su ./Drivers/STM32F4xx_HAL_Driver/Src/stm32f4xx_hal_gpio.cyclo ./Drivers/STM32F4xx_HAL_Driver/Src/stm32f4xx_hal_gpio.d ./Drivers/STM32F4xx_HAL_Driver/Src/stm32f4xx_hal_gpio.o ./Drivers/STM32F4xx_HAL_Driver/Src/stm32f4xx_hal_gpio.su ./Drivers/STM32F4xx_HAL_Driver/Src/stm32f4xx_hal_i2c.cyclo ./Drivers/STM32F4xx_HAL_Driver/Src/stm32f4xx_hal_i2c.d ./Drivers/STM32F4xx_HAL_Driver/Src/stm32f4xx_hal_i2c.o ./Drivers/STM32F4xx_HAL_Driver/Src/stm32f4xx_hal_i2c.su ./Drivers/STM32F4xx_HAL_Driver/Src/stm32f4xx_hal_i2c_ex.cyclo ./Drivers/STM32F4xx_HAL_Driver/Src/stm32f4xx_hal_i2c_ex.d ./Drivers/STM32F4xx_HAL_Driver/Src/stm32f4xx_hal_i2c_ex.o ./Drivers/STM32F4xx_HAL_Driver/Src/stm32f4xx_hal_i2c_ex.su ./Drivers/STM32F4xx_HAL_Driver/Src/stm32f4xx_hal_pwr.cyclo ./Drivers/STM32F4xx_HAL_Driver/Src/stm32f4xx_hal_pwr.d ./Drivers/STM32F4xx_HAL_Driver/Src/stm32f4xx_hal_pwr.o ./Drivers/STM32F4xx_HAL_Driver/Src/stm32f4xx_hal_pwr.su ./Drivers/STM32F4xx_HAL_Driver/Src/stm32f4xx_hal_pwr_ex.cyclo ./Drivers/STM32F4xx_HAL_Driver/Src/stm32f4xx_hal_pwr_ex.d ./Drivers/STM32F4xx_HAL_Driver/Src/stm32f4xx_hal_pwr_ex.o ./Drivers/STM32F4xx_HAL_Driver/Src/stm32f4xx_hal_pwr_ex.su ./Drivers/STM32F4xx_HAL_Driver/Src/stm32f4xx_hal_rcc.cyclo ./Drivers/STM32F4xx_HAL_Driver/Src/stm32f4xx_hal_rcc.d ./Drivers/STM32F4xx_HAL_Driver/Src/stm32f4xx_hal_rcc.o ./Drivers/STM32F4xx_HAL_Driver/Src/stm32f4xx_hal_rcc.su ./Drivers/STM32F4xx_HAL_Driver/Src/stm32f4xx_hal_rcc_ex.cyclo ./Drivers/STM32F4xx_HAL_Driver/Src/stm32f4xx_hal_rcc_ex.d ./Drivers/STM32F4xx_HAL_Driver/Src/stm32f4xx_hal_rcc_ex.o ./Drivers/STM32F4xx_HAL_Driver/Src/stm32f4xx_hal_rcc_ex.su ./Drivers/STM32F4xx_HAL_Driver/Src/stm32f4xx_hal_tim.cyclo ./Drivers/STM32F4xx_HAL_Driver/Src/stm32f4xx_hal_tim.d ./Drivers/STM32F4xx_HAL_Driver/Src/stm32f4xx_hal_tim.o ./Drivers/STM32F4xx_HAL_Driver/Src/stm32f4xx_hal_tim.su ./Drivers/STM32F4xx_HAL_Driver/Src/stm32f4xx_hal_tim_ex.cyclo ./Drivers/STM32F4xx_HAL_Driver/Src/stm32f4xx_hal_tim_ex.d ./Drivers/STM32F4xx_HAL_Driver/Src/stm32f4xx_hal_tim_ex.o ./Drivers/STM32F4xx_HAL_Driver/Src/stm32f4xx_hal_tim_ex.su
rm -rf ./Core/Startup/startup_stm32f405rgtx.d ./Core/Startup/startup_stm32f405rgtx.o
rm -rf ./Core/Src/gpio.cyclo ./Core/Src/gpio.d ./Core/Src/gpio.o ./Core/Src/gpio.su ./Core/Src/i2c.cyclo ./Core/Src/i2c.d ./Core/Src/i2c.o ./Core/Src/i2c.su ./Core/Src/main.cyclo ./Core/Src/main.d ./Core/Src/main.o ./Core/Src/main.su ./Core/Src/stm32f4xx_hal_msp.cyclo ./Core/Src/stm32f4xx_hal_msp.d ./Core/Src/stm32f4xx_hal_msp.o ./Core/Src/stm32f4xx_hal_msp.su ./Core/Src/stm32f4xx_it.cyclo ./Core/Src/stm32f4xx_it.d ./Core/Src/stm32f4xx_it.o ./Core/Src/stm32f4xx_it.su ./Core/Src/syscalls.cyclo ./Core/Src/syscalls.d ./Core/Src/syscalls.o ./Core/Src/syscalls.su ./Core/Src/sysmem.cyclo ./Core/Src/sysmem.d ./Core/Src/sysmem.o ./Core/Src/sysmem.su ./Core/Src/system_stm32f4xx.cyclo ./Core/Src/system_stm32f4xx.d ./Core/Src/system_stm32f4xx.o ./Core/Src/system_stm32f4xx.su
rm -rf BME680_Test.elf BME680_Test.list BME680_Test.map default.size.stdout
 
17:48:17 **** Incremental Build of configuration Debug for project BME680_Test ****
make -j8 all 
arm-none-eabi-gcc "../bme680/bme680_state_machine/bme_active_object.c" -mcpu=cortex-m4 -std=gnu11 -g3 -DDEBUG -DUSE_HAL_DRIVER -DSTM32F405xx -c -I../Core/Inc -I"E:/Unmei Ongaku Workspace/Sensors/BME680/smlib/Testing/BME680_Test/bme680" -I"E:/Unmei Ongaku Workspace/Sensors/BME680/smlib/Testing/BME680_Test/bme680/bme680_state_machine" -I../Drivers/STM32F4xx_HAL_Driver/Inc -I../Drivers/STM32F4xx_HAL_Driver/Inc/Legacy -I../Drivers/CMSIS/Device/ST/STM32F4xx/Include -I../Drivers/CMSIS/Include -O0 -ffunction-sections -fdata-sections -Wall -fstack-usage -fcyclomatic-complexity -MMD -MP -MF"bme680/bme680_state_machine/bme_active_object.d" -MT"bme680/bme680_state_machine/bme_active_object.o" --specs=nano.specs -mfpu=fpv4-sp-d16 -mfloat-abi=hard -mthumb -o "bme680/bme680_state_machine/bme_active_object.o"
arm-none-eabi-gcc "../bme680/bme680_common.c" -mcpu=cortex-m4 -std=gnu11 -g3 -DDEBUG -DUSE_HAL_DRIVER -DSTM32F405xx -c -I../Core/Inc -I"E:/Unmei Ongaku Workspace/Sensors/BME680/smlib/Testing/BME680_Test/bme680" -I"E:/Unmei Ongaku Workspace/Sensors/BME680/smlib/Testing/BME680_Test/bme680/bme680_state_machine" -I../Drivers/STM32F4xx_HAL_Driver/Inc -I../Drivers/STM32F4xx_HAL_Driver/Inc/Legacy -I../Drivers/CMSIS/Device/ST/STM32F4xx/Include -I../Drivers/CMSIS/Include -O0 -ffunction-sections -fdata-sections -Wall -fstack-usage -fcyclomatic-complexity -MMD -MP -MF"bme680/bme680_common.d" -MT"bme680/bme680_common.o" --specs=nano.specs -mfpu=fpv4-sp-d16 -mfloat-abi=hard -mthumb -o "bme680/bme680_common.o"
arm-none-eabi-gcc "../bme680/bme680_initialize.c" -mcpu=cortex-m4 -std=gnu11 -g3 -DDEBUG -DUSE_HAL_DRIVER -DSTM32F405xx -c -I../Core/Inc -I"E:/Unmei Ongaku Workspace/Sensors/BME680/smlib/Testing/BME680_Test/bme680" -I"E:/Unmei Ongaku Workspace/Sensors/BME680/smlib/Testing/BME680_Test/bme680/bme680_state_machine" -I../Drivers/STM32F4xx_HAL_Driver/Inc -I../Drivers/STM32F4xx_HAL_Driver/Inc/Legacy -I../Drivers/CMSIS/Device/ST/STM32F4xx/Include -I../Drivers/CMSIS/Include -O0 -ffunction-sections -fdata-sections -Wall -fstack-usage -fcyclomatic-complexity -MMD -MP -MF"bme680/bme680_initialize.d" -MT"bme680/bme680_initialize.o" --specs=nano.specs -mfpu=fpv4-sp-d16 -mfloat-abi=hard -mthumb -o "bme680/bme680_initialize.o"
arm-none-eabi-gcc "../bme680/bme68x.c" -mcpu=cortex-m4 -std=gnu11 -g3 -DDEBUG -DUSE_HAL_DRIVER -DSTM32F405xx -c -I../Core/Inc -I"E:/Unmei Ongaku Workspace/Sensors/BME680/smlib/Testing/BME680_Test/bme680" -I"E:/Unmei Ongaku Workspace/Sensors/BME680/smlib/Testing/BME680_Test/bme680/bme680_state_machine" -I../Drivers/STM32F4xx_HAL_Driver/Inc -I../Drivers/STM32F4xx_HAL_Driver/Inc/Legacy -I../Drivers/CMSIS/Device/ST/STM32F4xx/Include -I../Drivers/CMSIS/Include -O0 -ffunction-sections -fdata-sections -Wall -fstack-usage -fcyclomatic-complexity -MMD -MP -MF"bme680/bme68x.d" -MT"bme680/bme68x.o" --specs=nano.specs -mfpu=fpv4-sp-d16 -mfloat-abi=hard -mthumb -o "bme680/bme68x.o"
arm-none-eabi-gcc "../bme680/bme_callback.c" -mcpu=cortex-m4 -std=gnu11 -g3 -DDEBUG -DUSE_HAL_DRIVER -DSTM32F405xx -c -I../Core/Inc -I"E:/Unmei Ongaku Workspace/Sensors/BME680/smlib/Testing/BME680_Test/bme680" -I"E:/Unmei Ongaku Workspace/Sensors/BME680/smlib/Testing/BME680_Test/bme680/bme680_state_machine" -I../Drivers/STM32F4xx_HAL_Driver/Inc -I../Drivers/STM32F4xx_HAL_Driver/Inc/Legacy -I../Drivers/CMSIS/Device/ST/STM32F4xx/Include -I../Drivers/CMSIS/Include -O0 -ffunction-sections -fdata-sections -Wall -fstack-usage -fcyclomatic-complexity -MMD -MP -MF"bme680/bme_callback.d" -MT"bme680/bme_callback.o" --specs=nano.specs -mfpu=fpv4-sp-d16 -mfloat-abi=hard -mthumb -o "bme680/bme_callback.o"
arm-none-eabi-gcc "../Drivers/STM32F4xx_HAL_Driver/Src/stm32f4xx_hal.c" -mcpu=cortex-m4 -std=gnu11 -g3 -DDEBUG -DUSE_HAL_DRIVER -DSTM32F405xx -c -I../Core/Inc -I"E:/Unmei Ongaku Workspace/Sensors/BME680/smlib/Testing/BME680_Test/bme680" -I"E:/Unmei Ongaku Workspace/Sensors/BME680/smlib/Testing/BME680_Test/bme680/bme680_state_machine" -I../Drivers/STM32F4xx_HAL_Driver/Inc -I../Drivers/STM32F4xx_HAL_Driver/Inc/Legacy -I../Drivers/CMSIS/Device/ST/STM32F4xx/Include -I../Drivers/CMSIS/Include -O0 -ffunction-sections -fdata-sections -Wall -fstack-usage -fcyclomatic-complexity -MMD -MP -MF"Drivers/STM32F4xx_HAL_Driver/Src/stm32f4xx_hal.d" -MT"Drivers/STM32F4xx_HAL_Driver/Src/stm32f4xx_hal.o" --specs=nano.specs -mfpu=fpv4-sp-d16 -mfloat-abi=hard -mthumb -o "Drivers/STM32F4xx_HAL_Driver/Src/stm32f4xx_hal.o"
arm-none-eabi-gcc "../Drivers/STM32F4xx_HAL_Driver/Src/stm32f4xx_hal_cortex.c" -mcpu=cortex-m4 -std=gnu11 -g3 -DDEBUG -DUSE_HAL_DRIVER -DSTM32F405xx -c -I../Core/Inc -I"E:/Unmei Ongaku Workspace/Sensors/BME680/smlib/Testing/BME680_Test/bme680" -I"E:/Unmei Ongaku Workspace/Sensors/BME680/smlib/Testing/BME680_Test/bme680/bme680_state_machine" -I../Drivers/STM32F4xx_HAL_Driver/Inc -I../Drivers/STM32F4xx_HAL_Driver/Inc/Legacy -I../Drivers/CMSIS/Device/ST/STM32F4xx/Include -I../Drivers/CMSIS/Include -O0 -ffunction-sections -fdata-sections -Wall -fstack-usage -fcyclomatic-complexity -MMD -MP -MF"Drivers/STM32F4xx_HAL_Driver/Src/stm32f4xx_hal_cortex.d" -MT"Drivers/STM32F4xx_HAL_Driver/Src/stm32f4xx_hal_cortex.o" --specs=nano.specs -mfpu=fpv4-sp-d16 -mfloat-abi=hard -mthumb -o "Drivers/STM32F4xx_HAL_Driver/Src/stm32f4xx_hal_cortex.o"
arm-none-eabi-gcc "../Drivers/STM32F4xx_HAL_Driver/Src/stm32f4xx_hal_dma.c" -mcpu=cortex-m4 -std=gnu11 -g3 -DDEBUG -DUSE_HAL_DRIVER -DSTM32F405xx -c -I../Core/Inc -I"E:/Unmei Ongaku Workspace/Sensors/BME680/smlib/Testing/BME680_Test/bme680" -I"E:/Unmei Ongaku Workspace/Sensors/BME680/smlib/Testing/BME680_Test/bme680/bme680_state_machine" -I../Drivers/STM32F4xx_HAL_Driver/Inc -I../Drivers/STM32F4xx_HAL_Driver/Inc/Legacy -I../Drivers/CMSIS/Device/ST/STM32F4xx/Include -I../Drivers/CMSIS/Include -O0 -ffunction-sections -fdata-sections -Wall -fstack-usage -fcyclomatic-complexity -MMD -MP -MF"Drivers/STM32F4xx_HAL_Driver/Src/stm32f4xx_hal_dma.d" -MT"Drivers/STM32F4xx_HAL_Driver/Src/stm32f4xx_hal_dma.o" --specs=nano.specs -mfpu=fpv4-sp-d16 -mfloat-abi=hard -mthumb -o "Drivers/STM32F4xx_HAL_Driver/Src/stm32f4xx_hal_dma.o"
../bme680/bme680_state_machine/bme_active_object.c:13:10: fatal error: params.h: No such file or directory
   13 | #include "params.h"
      |          ^~~~~~~~~~
compilation terminated.
../bme680/bme680_common.c:11:10: fatal error: delay_us.h: No such file or directory
   11 | #include "delay_us.h"
      |          ^~~~~~~~~~~~
compilation terminated.
../bme680/bme_callback.c:14:1: warning: data definition has no type or storage class
   14 | TID(gtid_bme);
      | ^~~
../bme680/bme_callback.c:14:1: warning: type defaults to 'int' in declaration of 'TID' [-Wimplicit-int]
../bme680/bme_callback.c:14:1: warning: parameter names (without types) in function declaration
../bme680/bme_callback.c:15:1: warning: data definition has no type or storage class
   15 | TID(gtid_bme_report);
      | ^~~
../bme680/bme_callback.c:15:1: warning: type defaults to 'int' in declaration of 'TID' [-Wimplicit-int]
../bme680/bme_callback.c:15:1: warning: parameter names (without types) in function declaration
../bme680/bme_callback.c: In function 'bme_register_function':
../bme680/bme_callback.c:82:17: error: 'gtid_bme' undeclared (first use in this function)
   82 |                 gtid_bme = timer_register_callback(bme_callback, BME680_STATE_MACHINE_PEROID, 0, TIMER_MODE_REPEAT);
      |                 ^~~~~~~~
../bme680/bme_callback.c:82:17: note: each undeclared identifier is reported only once for each function it appears in
../bme680/bme_callback.c:82:28: warning: implicit declaration of function 'timer_register_callback'; did you mean 'bme_report_callback'? [-Wimplicit-function-declaration]
   82 |                 gtid_bme = timer_register_callback(bme_callback, BME680_STATE_MACHINE_PEROID, 0, TIMER_MODE_REPEAT);
      |                            ^~~~~~~~~~~~~~~~~~~~~~~
      |                            bme_report_callback
../bme680/bme_callback.c:82:98: error: 'TIMER_MODE_REPEAT' undeclared (first use in this function)
   82 |                 gtid_bme = timer_register_callback(bme_callback, BME680_STATE_MACHINE_PEROID, 0, TIMER_MODE_REPEAT);
      |                                                                                                  ^~~~~~~~~~~~~~~~~
../bme680/bme_callback.c:87:17: error: 'gtid_bme_report' undeclared (first use in this function)
   87 |                 gtid_bme_report = timer_register_callback(bme_report_callback, BME_REPORT_PEROID_MS, 0, TIMER_MODE_REPEAT);
      |                 ^~~~~~~~~~~~~~~
../bme680/bme_callback.c:87:80: error: 'BME_REPORT_PEROID_MS' undeclared (first use in this function)
   87 |                 gtid_bme_report = timer_register_callback(bme_report_callback, BME_REPORT_PEROID_MS, 0, TIMER_MODE_REPEAT);
      |                                                                                ^~~~~~~~~~~~~~~~~~~~
../bme680/bme_callback.c: In function 'bme_unregister_function':
../bme680/bme_callback.c:97:17: warning: implicit declaration of function 'timer_unregister_callback' [-Wimplicit-function-declaration]
   97 |                 timer_unregister_callback(gtid_bme);
      |                 ^~~~~~~~~~~~~~~~~~~~~~~~~
../bme680/bme_callback.c:97:43: error: 'gtid_bme' undeclared (first use in this function)
   97 |                 timer_unregister_callback(gtid_bme);
      |                                           ^~~~~~~~
../bme680/bme_callback.c:102:43: error: 'gtid_bme_report' undeclared (first use in this function)
  102 |                 timer_unregister_callback(gtid_bme_report);
      |                                           ^~~~~~~~~~~~~~~
make: *** [bme680/bme680_state_machine/subdir.mk:19: bme680/bme680_state_machine/bme_active_object.o] Error 1
make: *** Waiting for unfinished jobs....
make: *** [bme680/subdir.mk:28: bme680/bme680_common.o] Error 1
make: *** [bme680/subdir.mk:28: bme680/bme_callback.o] Error 1
"make -j8 all" terminated with exit code 2. Build might be incomplete.
17:49:39 **** Clean-only build of configuration Debug for project BME680_Test ****
make -j8 clean 
rm -rf ./bme680/bme680_state_machine/bme_active_object.cyclo ./bme680/bme680_state_machine/bme_active_object.d ./bme680/bme680_state_machine/bme_active_object.o ./bme680/bme680_state_machine/bme_active_object.su
rm -rf ./bme680/bme680_common.cyclo ./bme680/bme680_common.d ./bme680/bme680_common.o ./bme680/bme680_common.su ./bme680/bme680_initialize.cyclo ./bme680/bme680_initialize.d ./bme680/bme680_initialize.o ./bme680/bme680_initialize.su ./bme680/bme68x.cyclo ./bme680/bme68x.d ./bme680/bme68x.o ./bme680/bme68x.su ./bme680/bme_callback.cyclo ./bme680/bme_callback.d ./bme680/bme_callback.o ./bme680/bme_callback.su
rm -rf ./Drivers/STM32F4xx_HAL_Driver/Src/stm32f4xx_hal.cyclo ./Drivers/STM32F4xx_HAL_Driver/Src/stm32f4xx_hal.d ./Drivers/STM32F4xx_HAL_Driver/Src/stm32f4xx_hal.o ./Drivers/STM32F4xx_HAL_Driver/Src/stm32f4xx_hal.su ./Drivers/STM32F4xx_HAL_Driver/Src/stm32f4xx_hal_cortex.cyclo ./Drivers/STM32F4xx_HAL_Driver/Src/stm32f4xx_hal_cortex.d ./Drivers/STM32F4xx_HAL_Driver/Src/stm32f4xx_hal_cortex.o ./Drivers/STM32F4xx_HAL_Driver/Src/stm32f4xx_hal_cortex.su ./Drivers/STM32F4xx_HAL_Driver/Src/stm32f4xx_hal_dma.cyclo ./Drivers/STM32F4xx_HAL_Driver/Src/stm32f4xx_hal_dma.d ./Drivers/STM32F4xx_HAL_Driver/Src/stm32f4xx_hal_dma.o ./Drivers/STM32F4xx_HAL_Driver/Src/stm32f4xx_hal_dma.su ./Drivers/STM32F4xx_HAL_Driver/Src/stm32f4xx_hal_dma_ex.cyclo ./Drivers/STM32F4xx_HAL_Driver/Src/stm32f4xx_hal_dma_ex.d ./Drivers/STM32F4xx_HAL_Driver/Src/stm32f4xx_hal_dma_ex.o ./Drivers/STM32F4xx_HAL_Driver/Src/stm32f4xx_hal_dma_ex.su ./Drivers/STM32F4xx_HAL_Driver/Src/stm32f4xx_hal_exti.cyclo ./Drivers/STM32F4xx_HAL_Driver/Src/stm32f4xx_hal_exti.d ./Drivers/STM32F4xx_HAL_Driver/Src/stm32f4xx_hal_exti.o ./Drivers/STM32F4xx_HAL_Driver/Src/stm32f4xx_hal_exti.su ./Drivers/STM32F4xx_HAL_Driver/Src/stm32f4xx_hal_flash.cyclo ./Drivers/STM32F4xx_HAL_Driver/Src/stm32f4xx_hal_flash.d ./Drivers/STM32F4xx_HAL_Driver/Src/stm32f4xx_hal_flash.o ./Drivers/STM32F4xx_HAL_Driver/Src/stm32f4xx_hal_flash.su ./Drivers/STM32F4xx_HAL_Driver/Src/stm32f4xx_hal_flash_ex.cyclo ./Drivers/STM32F4xx_HAL_Driver/Src/stm32f4xx_hal_flash_ex.d ./Drivers/STM32F4xx_HAL_Driver/Src/stm32f4xx_hal_flash_ex.o ./Drivers/STM32F4xx_HAL_Driver/Src/stm32f4xx_hal_flash_ex.su ./Drivers/STM32F4xx_HAL_Driver/Src/stm32f4xx_hal_flash_ramfunc.cyclo ./Drivers/STM32F4xx_HAL_Driver/Src/stm32f4xx_hal_flash_ramfunc.d ./Drivers/STM32F4xx_HAL_Driver/Src/stm32f4xx_hal_flash_ramfunc.o ./Drivers/STM32F4xx_HAL_Driver/Src/stm32f4xx_hal_flash_ramfunc.su ./Drivers/STM32F4xx_HAL_Driver/Src/stm32f4xx_hal_gpio.cyclo ./Drivers/STM32F4xx_HAL_Driver/Src/stm32f4xx_hal_gpio.d ./Drivers/STM32F4xx_HAL_Driver/Src/stm32f4xx_hal_gpio.o ./Drivers/STM32F4xx_HAL_Driver/Src/stm32f4xx_hal_gpio.su ./Drivers/STM32F4xx_HAL_Driver/Src/stm32f4xx_hal_i2c.cyclo ./Drivers/STM32F4xx_HAL_Driver/Src/stm32f4xx_hal_i2c.d ./Drivers/STM32F4xx_HAL_Driver/Src/stm32f4xx_hal_i2c.o ./Drivers/STM32F4xx_HAL_Driver/Src/stm32f4xx_hal_i2c.su ./Drivers/STM32F4xx_HAL_Driver/Src/stm32f4xx_hal_i2c_ex.cyclo ./Drivers/STM32F4xx_HAL_Driver/Src/stm32f4xx_hal_i2c_ex.d ./Drivers/STM32F4xx_HAL_Driver/Src/stm32f4xx_hal_i2c_ex.o ./Drivers/STM32F4xx_HAL_Driver/Src/stm32f4xx_hal_i2c_ex.su ./Drivers/STM32F4xx_HAL_Driver/Src/stm32f4xx_hal_pwr.cyclo ./Drivers/STM32F4xx_HAL_Driver/Src/stm32f4xx_hal_pwr.d ./Drivers/STM32F4xx_HAL_Driver/Src/stm32f4xx_hal_pwr.o ./Drivers/STM32F4xx_HAL_Driver/Src/stm32f4xx_hal_pwr.su ./Drivers/STM32F4xx_HAL_Driver/Src/stm32f4xx_hal_pwr_ex.cyclo ./Drivers/STM32F4xx_HAL_Driver/Src/stm32f4xx_hal_pwr_ex.d ./Drivers/STM32F4xx_HAL_Driver/Src/stm32f4xx_hal_pwr_ex.o ./Drivers/STM32F4xx_HAL_Driver/Src/stm32f4xx_hal_pwr_ex.su ./Drivers/STM32F4xx_HAL_Driver/Src/stm32f4xx_hal_rcc.cyclo ./Drivers/STM32F4xx_HAL_Driver/Src/stm32f4xx_hal_rcc.d ./Drivers/STM32F4xx_HAL_Driver/Src/stm32f4xx_hal_rcc.o ./Drivers/STM32F4xx_HAL_Driver/Src/stm32f4xx_hal_rcc.su ./Drivers/STM32F4xx_HAL_Driver/Src/stm32f4xx_hal_rcc_ex.cyclo ./Drivers/STM32F4xx_HAL_Driver/Src/stm32f4xx_hal_rcc_ex.d ./Drivers/STM32F4xx_HAL_Driver/Src/stm32f4xx_hal_rcc_ex.o ./Drivers/STM32F4xx_HAL_Driver/Src/stm32f4xx_hal_rcc_ex.su ./Drivers/STM32F4xx_HAL_Driver/Src/stm32f4xx_hal_tim.cyclo ./Drivers/STM32F4xx_HAL_Driver/Src/stm32f4xx_hal_tim.d ./Drivers/STM32F4xx_HAL_Driver/Src/stm32f4xx_hal_tim.o ./Drivers/STM32F4xx_HAL_Driver/Src/stm32f4xx_hal_tim.su ./Drivers/STM32F4xx_HAL_Driver/Src/stm32f4xx_hal_tim_ex.cyclo ./Drivers/STM32F4xx_HAL_Driver/Src/stm32f4xx_hal_tim_ex.d ./Drivers/STM32F4xx_HAL_Driver/Src/stm32f4xx_hal_tim_ex.o ./Drivers/STM32F4xx_HAL_Driver/Src/stm32f4xx_hal_tim_ex.su
rm -rf ./Core/Startup/startup_stm32f405rgtx.d ./Core/Startup/startup_stm32f405rgtx.o
rm -rf ./Core/Src/gpio.cyclo ./Core/Src/gpio.d ./Core/Src/gpio.o ./Core/Src/gpio.su ./Core/Src/i2c.cyclo ./Core/Src/i2c.d ./Core/Src/i2c.o ./Core/Src/i2c.su ./Core/Src/main.cyclo ./Core/Src/main.d ./Core/Src/main.o ./Core/Src/main.su ./Core/Src/stm32f4xx_hal_msp.cyclo ./Core/Src/stm32f4xx_hal_msp.d ./Core/Src/stm32f4xx_hal_msp.o ./Core/Src/stm32f4xx_hal_msp.su ./Core/Src/stm32f4xx_it.cyclo ./Core/Src/stm32f4xx_it.d ./Core/Src/stm32f4xx_it.o ./Core/Src/stm32f4xx_it.su ./Core/Src/syscalls.cyclo ./Core/Src/syscalls.d ./Core/Src/syscalls.o ./Core/Src/syscalls.su ./Core/Src/sysmem.cyclo ./Core/Src/sysmem.d ./Core/Src/sysmem.o ./Core/Src/sysmem.su ./Core/Src/system_stm32f4xx.cyclo ./Core/Src/system_stm32f4xx.d ./Core/Src/system_stm32f4xx.o ./Core/Src/system_stm32f4xx.su
rm -rf BME680_Test.elf BME680_Test.list BME680_Test.map default.size.stdout
 
17:49:39 **** Incremental Build of configuration Debug for project BME680_Test ****
make -j8 all 
arm-none-eabi-gcc "../timer/delay_us.c" -mcpu=cortex-m4 -std=gnu11 -g3 -DDEBUG -DUSE_HAL_DRIVER -DSTM32F405xx -c -I../Core/Inc -I"E:/Unmei Ongaku Workspace/Sensors/BME680/smlib/Testing/BME680_Test/timer" -I"E:/Unmei Ongaku Workspace/Sensors/BME680/smlib/Testing/BME680_Test/bme680" -I"E:/Unmei Ongaku Workspace/Sensors/BME680/smlib/Testing/BME680_Test/bme680/bme680_state_machine" -I../Drivers/STM32F4xx_HAL_Driver/Inc -I../Drivers/STM32F4xx_HAL_Driver/Inc/Legacy -I../Drivers/CMSIS/Device/ST/STM32F4xx/Include -I../Drivers/CMSIS/Include -O0 -ffunction-sections -fdata-sections -Wall -fstack-usage -fcyclomatic-complexity -MMD -MP -MF"timer/delay_us.d" -MT"timer/delay_us.o" --specs=nano.specs -mfpu=fpv4-sp-d16 -mfloat-abi=hard -mthumb -o "timer/delay_us.o"
arm-none-eabi-gcc "../timer/timer.c" -mcpu=cortex-m4 -std=gnu11 -g3 -DDEBUG -DUSE_HAL_DRIVER -DSTM32F405xx -c -I../Core/Inc -I"E:/Unmei Ongaku Workspace/Sensors/BME680/smlib/Testing/BME680_Test/timer" -I"E:/Unmei Ongaku Workspace/Sensors/BME680/smlib/Testing/BME680_Test/bme680" -I"E:/Unmei Ongaku Workspace/Sensors/BME680/smlib/Testing/BME680_Test/bme680/bme680_state_machine" -I../Drivers/STM32F4xx_HAL_Driver/Inc -I../Drivers/STM32F4xx_HAL_Driver/Inc/Legacy -I../Drivers/CMSIS/Device/ST/STM32F4xx/Include -I../Drivers/CMSIS/Include -O0 -ffunction-sections -fdata-sections -Wall -fstack-usage -fcyclomatic-complexity -MMD -MP -MF"timer/timer.d" -MT"timer/timer.o" --specs=nano.specs -mfpu=fpv4-sp-d16 -mfloat-abi=hard -mthumb -o "timer/timer.o"
arm-none-eabi-gcc "../bme680/bme680_state_machine/bme_active_object.c" -mcpu=cortex-m4 -std=gnu11 -g3 -DDEBUG -DUSE_HAL_DRIVER -DSTM32F405xx -c -I../Core/Inc -I"E:/Unmei Ongaku Workspace/Sensors/BME680/smlib/Testing/BME680_Test/timer" -I"E:/Unmei Ongaku Workspace/Sensors/BME680/smlib/Testing/BME680_Test/bme680" -I"E:/Unmei Ongaku Workspace/Sensors/BME680/smlib/Testing/BME680_Test/bme680/bme680_state_machine" -I../Drivers/STM32F4xx_HAL_Driver/Inc -I../Drivers/STM32F4xx_HAL_Driver/Inc/Legacy -I../Drivers/CMSIS/Device/ST/STM32F4xx/Include -I../Drivers/CMSIS/Include -O0 -ffunction-sections -fdata-sections -Wall -fstack-usage -fcyclomatic-complexity -MMD -MP -MF"bme680/bme680_state_machine/bme_active_object.d" -MT"bme680/bme680_state_machine/bme_active_object.o" --specs=nano.specs -mfpu=fpv4-sp-d16 -mfloat-abi=hard -mthumb -o "bme680/bme680_state_machine/bme_active_object.o"
arm-none-eabi-gcc "../bme680/bme680_common.c" -mcpu=cortex-m4 -std=gnu11 -g3 -DDEBUG -DUSE_HAL_DRIVER -DSTM32F405xx -c -I../Core/Inc -I"E:/Unmei Ongaku Workspace/Sensors/BME680/smlib/Testing/BME680_Test/timer" -I"E:/Unmei Ongaku Workspace/Sensors/BME680/smlib/Testing/BME680_Test/bme680" -I"E:/Unmei Ongaku Workspace/Sensors/BME680/smlib/Testing/BME680_Test/bme680/bme680_state_machine" -I../Drivers/STM32F4xx_HAL_Driver/Inc -I../Drivers/STM32F4xx_HAL_Driver/Inc/Legacy -I../Drivers/CMSIS/Device/ST/STM32F4xx/Include -I../Drivers/CMSIS/Include -O0 -ffunction-sections -fdata-sections -Wall -fstack-usage -fcyclomatic-complexity -MMD -MP -MF"bme680/bme680_common.d" -MT"bme680/bme680_common.o" --specs=nano.specs -mfpu=fpv4-sp-d16 -mfloat-abi=hard -mthumb -o "bme680/bme680_common.o"
arm-none-eabi-gcc "../bme680/bme680_initialize.c" -mcpu=cortex-m4 -std=gnu11 -g3 -DDEBUG -DUSE_HAL_DRIVER -DSTM32F405xx -c -I../Core/Inc -I"E:/Unmei Ongaku Workspace/Sensors/BME680/smlib/Testing/BME680_Test/timer" -I"E:/Unmei Ongaku Workspace/Sensors/BME680/smlib/Testing/BME680_Test/bme680" -I"E:/Unmei Ongaku Workspace/Sensors/BME680/smlib/Testing/BME680_Test/bme680/bme680_state_machine" -I../Drivers/STM32F4xx_HAL_Driver/Inc -I../Drivers/STM32F4xx_HAL_Driver/Inc/Legacy -I../Drivers/CMSIS/Device/ST/STM32F4xx/Include -I../Drivers/CMSIS/Include -O0 -ffunction-sections -fdata-sections -Wall -fstack-usage -fcyclomatic-complexity -MMD -MP -MF"bme680/bme680_initialize.d" -MT"bme680/bme680_initialize.o" --specs=nano.specs -mfpu=fpv4-sp-d16 -mfloat-abi=hard -mthumb -o "bme680/bme680_initialize.o"
arm-none-eabi-gcc "../bme680/bme68x.c" -mcpu=cortex-m4 -std=gnu11 -g3 -DDEBUG -DUSE_HAL_DRIVER -DSTM32F405xx -c -I../Core/Inc -I"E:/Unmei Ongaku Workspace/Sensors/BME680/smlib/Testing/BME680_Test/timer" -I"E:/Unmei Ongaku Workspace/Sensors/BME680/smlib/Testing/BME680_Test/bme680" -I"E:/Unmei Ongaku Workspace/Sensors/BME680/smlib/Testing/BME680_Test/bme680/bme680_state_machine" -I../Drivers/STM32F4xx_HAL_Driver/Inc -I../Drivers/STM32F4xx_HAL_Driver/Inc/Legacy -I../Drivers/CMSIS/Device/ST/STM32F4xx/Include -I../Drivers/CMSIS/Include -O0 -ffunction-sections -fdata-sections -Wall -fstack-usage -fcyclomatic-complexity -MMD -MP -MF"bme680/bme68x.d" -MT"bme680/bme68x.o" --specs=nano.specs -mfpu=fpv4-sp-d16 -mfloat-abi=hard -mthumb -o "bme680/bme68x.o"
arm-none-eabi-gcc "../bme680/bme_callback.c" -mcpu=cortex-m4 -std=gnu11 -g3 -DDEBUG -DUSE_HAL_DRIVER -DSTM32F405xx -c -I../Core/Inc -I"E:/Unmei Ongaku Workspace/Sensors/BME680/smlib/Testing/BME680_Test/timer" -I"E:/Unmei Ongaku Workspace/Sensors/BME680/smlib/Testing/BME680_Test/bme680" -I"E:/Unmei Ongaku Workspace/Sensors/BME680/smlib/Testing/BME680_Test/bme680/bme680_state_machine" -I../Drivers/STM32F4xx_HAL_Driver/Inc -I../Drivers/STM32F4xx_HAL_Driver/Inc/Legacy -I../Drivers/CMSIS/Device/ST/STM32F4xx/Include -I../Drivers/CMSIS/Include -O0 -ffunction-sections -fdata-sections -Wall -fstack-usage -fcyclomatic-complexity -MMD -MP -MF"bme680/bme_callback.d" -MT"bme680/bme_callback.o" --specs=nano.specs -mfpu=fpv4-sp-d16 -mfloat-abi=hard -mthumb -o "bme680/bme_callback.o"
arm-none-eabi-gcc "../Drivers/STM32F4xx_HAL_Driver/Src/stm32f4xx_hal.c" -mcpu=cortex-m4 -std=gnu11 -g3 -DDEBUG -DUSE_HAL_DRIVER -DSTM32F405xx -c -I../Core/Inc -I"E:/Unmei Ongaku Workspace/Sensors/BME680/smlib/Testing/BME680_Test/timer" -I"E:/Unmei Ongaku Workspace/Sensors/BME680/smlib/Testing/BME680_Test/bme680" -I"E:/Unmei Ongaku Workspace/Sensors/BME680/smlib/Testing/BME680_Test/bme680/bme680_state_machine" -I../Drivers/STM32F4xx_HAL_Driver/Inc -I../Drivers/STM32F4xx_HAL_Driver/Inc/Legacy -I../Drivers/CMSIS/Device/ST/STM32F4xx/Include -I../Drivers/CMSIS/Include -O0 -ffunction-sections -fdata-sections -Wall -fstack-usage -fcyclomatic-complexity -MMD -MP -MF"Drivers/STM32F4xx_HAL_Driver/Src/stm32f4xx_hal.d" -MT"Drivers/STM32F4xx_HAL_Driver/Src/stm32f4xx_hal.o" --specs=nano.specs -mfpu=fpv4-sp-d16 -mfloat-abi=hard -mthumb -o "Drivers/STM32F4xx_HAL_Driver/Src/stm32f4xx_hal.o"
../timer/delay_us.c:8:10: fatal error: tim.h: No such file or directory
    8 | #include "tim.h"
      |          ^~~~~~~
compilation terminated.
make: *** [timer/subdir.mk:22: timer/delay_us.o] Error 1
make: *** Waiting for unfinished jobs....
../bme680/bme680_state_machine/bme_active_object.c: In function 'led_nofti_bme_false':
../bme680/bme680_state_machine/bme_active_object.c:73:9: warning: implicit declaration of function 'HAL_GPIO_WritePin' [-Wimplicit-function-declaration]
   73 |         HAL_GPIO_WritePin(LED_GPIO_Port,LED_Pin, SET);
      |         ^~~~~~~~~~~~~~~~~
../bme680/bme680_state_machine/bme_active_object.c:73:27: error: 'LED_GPIO_Port' undeclared (first use in this function)
   73 |         HAL_GPIO_WritePin(LED_GPIO_Port,LED_Pin, SET);
      |                           ^~~~~~~~~~~~~
../bme680/bme680_state_machine/bme_active_object.c:73:27: note: each undeclared identifier is reported only once for each function it appears in
../bme680/bme680_state_machine/bme_active_object.c:73:41: error: 'LED_Pin' undeclared (first use in this function)
   73 |         HAL_GPIO_WritePin(LED_GPIO_Port,LED_Pin, SET);
      |                                         ^~~~~~~
../bme680/bme680_state_machine/bme_active_object.c:73:50: error: 'SET' undeclared (first use in this function)
   73 |         HAL_GPIO_WritePin(LED_GPIO_Port,LED_Pin, SET);
      |                                                  ^~~
../bme680/bme680_state_machine/bme_active_object.c:74:9: warning: implicit declaration of function 'delay_ms' [-Wimplicit-function-declaration]
   74 |         delay_ms(time_t);
      |         ^~~~~~~~
../bme680/bme680_state_machine/bme_active_object.c:75:50: error: 'RESET' undeclared (first use in this function)
   75 |         HAL_GPIO_WritePin(LED_GPIO_Port,LED_Pin, RESET);
      |                                                  ^~~~~
../bme680/bme680_state_machine/bme_active_object.c: In function 'led_nofti_bme_success':
../bme680/bme680_state_machine/bme_active_object.c:80:27: error: 'LED_GPIO_Port' undeclared (first use in this function)
   80 |         HAL_GPIO_WritePin(LED_GPIO_Port,LED_Pin, SET);
      |                           ^~~~~~~~~~~~~
../bme680/bme680_state_machine/bme_active_object.c:80:41: error: 'LED_Pin' undeclared (first use in this function)
   80 |         HAL_GPIO_WritePin(LED_GPIO_Port,LED_Pin, SET);
      |                                         ^~~~~~~
../bme680/bme680_state_machine/bme_active_object.c:80:50: error: 'SET' undeclared (first use in this function)
   80 |         HAL_GPIO_WritePin(LED_GPIO_Port,LED_Pin, SET);
      |                                                  ^~~
../bme680/bme680_state_machine/bme_active_object.c:82:50: error: 'RESET' undeclared (first use in this function)
   82 |         HAL_GPIO_WritePin(LED_GPIO_Port,LED_Pin, RESET);
      |                                                  ^~~~~
../bme680/bme680_state_machine/bme_active_object.c: In function 'bme_proobject_state_handle_BME_READING_SENSORS_SM':
../bme680/bme680_state_machine/bme_active_object.c:263:25: error: 'params' undeclared (first use in this function)
  263 |                         params.bme_temp_t1 = mobj->data_calib.par_t1;
      |                         ^~~~~~
../bme680/bme680_state_machine/bme_active_object.c: In function 'bme_get_altitude_from_sea_level':
../bme680/bme680_state_machine/bme_active_object.c:418:31: error: 'params' undeclared (first use in this function)
  418 |         altitude_sea_level = (params.T0_temp/params.lapse_rate)*(1.0f-pow((pressure_cb/100)/params.SEA_Level_Pressure,0.1903));
      |                               ^~~~~~
../bme680/bme680_state_machine/bme_active_object.c: In function 'bme_get_altitude_from_body_to_base':
../bme680/bme680_state_machine/bme_active_object.c:426:44: error: 'params' undeclared (first use in this function)
  426 |                 altitude_sea_level_base = (params.T0_temp/params.lapse_rate)*(1.0f-pow((pressure_base/100)/params.SEA_Level_Pressure,0.1903));
      |                                            ^~~~~~
../bme680/bme_callback.c:14:1: warning: data definition has no type or storage class
   14 | TID(gtid_bme);
      | ^~~
../bme680/bme_callback.c:14:1: warning: type defaults to 'int' in declaration of 'TID' [-Wimplicit-int]
../bme680/bme_callback.c:14:1: warning: parameter names (without types) in function declaration
../bme680/bme_callback.c:15:1: warning: data definition has no type or storage class
   15 | TID(gtid_bme_report);
      | ^~~
../bme680/bme_callback.c:15:1: warning: type defaults to 'int' in declaration of 'TID' [-Wimplicit-int]
../bme680/bme_callback.c:15:1: warning: parameter names (without types) in function declaration
../bme680/bme_callback.c: In function 'bme_register_function':
../bme680/bme_callback.c:82:17: error: 'gtid_bme' undeclared (first use in this function)
   82 |                 gtid_bme = timer_register_callback(bme_callback, BME680_STATE_MACHINE_PEROID, 0, TIMER_MODE_REPEAT);
      |                 ^~~~~~~~
../bme680/bme_callback.c:82:17: note: each undeclared identifier is reported only once for each function it appears in
../bme680/bme_callback.c:82:28: warning: implicit declaration of function 'timer_register_callback'; did you mean 'bme_report_callback'? [-Wimplicit-function-declaration]
   82 |                 gtid_bme = timer_register_callback(bme_callback, BME680_STATE_MACHINE_PEROID, 0, TIMER_MODE_REPEAT);
      |                            ^~~~~~~~~~~~~~~~~~~~~~~
      |                            bme_report_callback
../bme680/bme_callback.c:82:98: error: 'TIMER_MODE_REPEAT' undeclared (first use in this function)
   82 |                 gtid_bme = timer_register_callback(bme_callback, BME680_STATE_MACHINE_PEROID, 0, TIMER_MODE_REPEAT);
      |                                                                                                  ^~~~~~~~~~~~~~~~~
../bme680/bme_callback.c:87:17: error: 'gtid_bme_report' undeclared (first use in this function)
   87 |                 gtid_bme_report = timer_register_callback(bme_report_callback, BME_REPORT_PEROID_MS, 0, TIMER_MODE_REPEAT);
      |                 ^~~~~~~~~~~~~~~
../bme680/bme_callback.c:87:80: error: 'BME_REPORT_PEROID_MS' undeclared (first use in this function)
   87 |                 gtid_bme_report = timer_register_callback(bme_report_callback, BME_REPORT_PEROID_MS, 0, TIMER_MODE_REPEAT);
      |                                                                                ^~~~~~~~~~~~~~~~~~~~
../bme680/bme_callback.c: In function 'bme_unregister_function':
../bme680/bme_callback.c:97:17: warning: implicit declaration of function 'timer_unregister_callback' [-Wimplicit-function-declaration]
   97 |                 timer_unregister_callback(gtid_bme);
      |                 ^~~~~~~~~~~~~~~~~~~~~~~~~
../bme680/bme_callback.c:97:43: error: 'gtid_bme' undeclared (first use in this function)
   97 |                 timer_unregister_callback(gtid_bme);
      |                                           ^~~~~~~~
../bme680/bme_callback.c:102:43: error: 'gtid_bme_report' undeclared (first use in this function)
  102 |                 timer_unregister_callback(gtid_bme_report);
      |                                           ^~~~~~~~~~~~~~~
../timer/timer.c:9:10: fatal error: user_include.h: No such file or directory
    9 | #include "user_include.h"
      |          ^~~~~~~~~~~~~~~~
make: *** [bme680/bme680_state_machine/subdir.mk:19: bme680/bme680_state_machine/bme_active_object.o] Error 1
compilation terminated.
make: *** [bme680/subdir.mk:28: bme680/bme_callback.o] Error 1
../bme680/bme680_common.c: In function 'user_i2c_write':
../bme680/bme680_common.c:21:12: warning: implicit declaration of function 'HAL_I2C_Mem_Write' [-Wimplicit-function-declaration]
   21 |         if(HAL_I2C_Mem_Write(&BME680_I2C,BME680_I2C_ADDR, reg_addr , I2C_MEMADD_SIZE_8BIT, (uint8_t *)reg_data, (uint16_t)length, I2C_TIMEOUT_MS)!= HAL_OK)
      |            ^~~~~~~~~~~~~~~~~
../bme680/bme680_common.c:21:31: error: 'BME680_I2C' undeclared (first use in this function)
   21 |         if(HAL_I2C_Mem_Write(&BME680_I2C,BME680_I2C_ADDR, reg_addr , I2C_MEMADD_SIZE_8BIT, (uint8_t *)reg_data, (uint16_t)length, I2C_TIMEOUT_MS)!= HAL_OK)
      |                               ^~~~~~~~~~
../bme680/bme680_common.c:21:31: note: each undeclared identifier is reported only once for each function it appears in
../bme680/bme680_common.c:21:42: error: 'BME680_I2C_ADDR' undeclared (first use in this function); did you mean 'BME68X_I2C_INTF'?
   21 |         if(HAL_I2C_Mem_Write(&BME680_I2C,BME680_I2C_ADDR, reg_addr , I2C_MEMADD_SIZE_8BIT, (uint8_t *)reg_data, (uint16_t)length, I2C_TIMEOUT_MS)!= HAL_OK)
      |                                          ^~~~~~~~~~~~~~~
      |                                          BME68X_I2C_INTF
../bme680/bme680_common.c:21:70: error: 'I2C_MEMADD_SIZE_8BIT' undeclared (first use in this function)
   21 |         if(HAL_I2C_Mem_Write(&BME680_I2C,BME680_I2C_ADDR, reg_addr , I2C_MEMADD_SIZE_8BIT, (uint8_t *)reg_data, (uint16_t)length, I2C_TIMEOUT_MS)!= HAL_OK)
      |                                                                      ^~~~~~~~~~~~~~~~~~~~
make: *** [timer/subdir.mk:22: timer/timer.o] Error 1
../bme680/bme680_common.c:21:131: error: 'I2C_TIMEOUT_MS' undeclared (first use in this function)
   21 |         if(HAL_I2C_Mem_Write(&BME680_I2C,BME680_I2C_ADDR, reg_addr , I2C_MEMADD_SIZE_8BIT, (uint8_t *)reg_data, (uint16_t)length, I2C_TIMEOUT_MS)!= HAL_OK)
      |                                                                                                                                   ^~~~~~~~~~~~~~
../bme680/bme680_common.c:21:149: error: 'HAL_OK' undeclared (first use in this function)
   21 |         if(HAL_I2C_Mem_Write(&BME680_I2C,BME680_I2C_ADDR, reg_addr , I2C_MEMADD_SIZE_8BIT, (uint8_t *)reg_data, (uint16_t)length, I2C_TIMEOUT_MS)!= HAL_OK)
      |                                                                                                                                                     ^~~~~~
../bme680/bme680_common.c: In function 'user_i2c_read':
../bme680/bme680_common.c:27:12: warning: implicit declaration of function 'HAL_I2C_Mem_Read' [-Wimplicit-function-declaration]
   27 |         if(HAL_I2C_Mem_Read(&BME680_I2C,BME680_I2C_ADDR, reg_addr , I2C_MEMADD_SIZE_8BIT, reg_data, (uint16_t)length, I2C_TIMEOUT_MS)!= HAL_OK){
      |            ^~~~~~~~~~~~~~~~
../bme680/bme680_common.c:27:30: error: 'BME680_I2C' undeclared (first use in this function)
   27 |         if(HAL_I2C_Mem_Read(&BME680_I2C,BME680_I2C_ADDR, reg_addr , I2C_MEMADD_SIZE_8BIT, reg_data, (uint16_t)length, I2C_TIMEOUT_MS)!= HAL_OK){
      |                              ^~~~~~~~~~
../bme680/bme680_common.c:27:41: error: 'BME680_I2C_ADDR' undeclared (first use in this function); did you mean 'BME68X_I2C_INTF'?
   27 |         if(HAL_I2C_Mem_Read(&BME680_I2C,BME680_I2C_ADDR, reg_addr , I2C_MEMADD_SIZE_8BIT, reg_data, (uint16_t)length, I2C_TIMEOUT_MS)!= HAL_OK){
      |                                         ^~~~~~~~~~~~~~~
      |                                         BME68X_I2C_INTF
../bme680/bme680_common.c:27:69: error: 'I2C_MEMADD_SIZE_8BIT' undeclared (first use in this function)
   27 |         if(HAL_I2C_Mem_Read(&BME680_I2C,BME680_I2C_ADDR, reg_addr , I2C_MEMADD_SIZE_8BIT, reg_data, (uint16_t)length, I2C_TIMEOUT_MS)!= HAL_OK){
      |                                                                     ^~~~~~~~~~~~~~~~~~~~
../bme680/bme680_common.c:27:119: error: 'I2C_TIMEOUT_MS' undeclared (first use in this function)
   27 |         if(HAL_I2C_Mem_Read(&BME680_I2C,BME680_I2C_ADDR, reg_addr , I2C_MEMADD_SIZE_8BIT, reg_data, (uint16_t)length, I2C_TIMEOUT_MS)!= HAL_OK){
      |                                                                                                                       ^~~~~~~~~~~~~~
../bme680/bme680_common.c:27:137: error: 'HAL_OK' undeclared (first use in this function)
   27 |         if(HAL_I2C_Mem_Read(&BME680_I2C,BME680_I2C_ADDR, reg_addr , I2C_MEMADD_SIZE_8BIT, reg_data, (uint16_t)length, I2C_TIMEOUT_MS)!= HAL_OK){
      |                                                                                                                                         ^~~~~~
make: *** [bme680/subdir.mk:28: bme680/bme680_common.o] Error 1
"make -j8 all" terminated with exit code 2. Build might be incomplete.
17:50:11 **** Incremental Build of configuration Debug for project BME680_Test ****
make -j8 all 
arm-none-eabi-gcc "../timer/timer.c" -mcpu=cortex-m4 -std=gnu11 -g3 -DDEBUG -DUSE_HAL_DRIVER -DSTM32F405xx -c -I../Core/Inc -I"E:/Unmei Ongaku Workspace/Sensors/BME680/smlib/Testing/BME680_Test/timer" -I"E:/Unmei Ongaku Workspace/Sensors/BME680/smlib/Testing/BME680_Test/bme680" -I"E:/Unmei Ongaku Workspace/Sensors/BME680/smlib/Testing/BME680_Test/bme680/bme680_state_machine" -I../Drivers/STM32F4xx_HAL_Driver/Inc -I../Drivers/STM32F4xx_HAL_Driver/Inc/Legacy -I../Drivers/CMSIS/Device/ST/STM32F4xx/Include -I../Drivers/CMSIS/Include -O0 -ffunction-sections -fdata-sections -Wall -fstack-usage -fcyclomatic-complexity -MMD -MP -MF"timer/timer.d" -MT"timer/timer.o" --specs=nano.specs -mfpu=fpv4-sp-d16 -mfloat-abi=hard -mthumb -o "timer/timer.o"
arm-none-eabi-gcc "../bme680/bme680_state_machine/bme_active_object.c" -mcpu=cortex-m4 -std=gnu11 -g3 -DDEBUG -DUSE_HAL_DRIVER -DSTM32F405xx -c -I../Core/Inc -I"E:/Unmei Ongaku Workspace/Sensors/BME680/smlib/Testing/BME680_Test/timer" -I"E:/Unmei Ongaku Workspace/Sensors/BME680/smlib/Testing/BME680_Test/bme680" -I"E:/Unmei Ongaku Workspace/Sensors/BME680/smlib/Testing/BME680_Test/bme680/bme680_state_machine" -I../Drivers/STM32F4xx_HAL_Driver/Inc -I../Drivers/STM32F4xx_HAL_Driver/Inc/Legacy -I../Drivers/CMSIS/Device/ST/STM32F4xx/Include -I../Drivers/CMSIS/Include -O0 -ffunction-sections -fdata-sections -Wall -fstack-usage -fcyclomatic-complexity -MMD -MP -MF"bme680/bme680_state_machine/bme_active_object.d" -MT"bme680/bme680_state_machine/bme_active_object.o" --specs=nano.specs -mfpu=fpv4-sp-d16 -mfloat-abi=hard -mthumb -o "bme680/bme680_state_machine/bme_active_object.o"
arm-none-eabi-gcc "../bme680/bme680_common.c" -mcpu=cortex-m4 -std=gnu11 -g3 -DDEBUG -DUSE_HAL_DRIVER -DSTM32F405xx -c -I../Core/Inc -I"E:/Unmei Ongaku Workspace/Sensors/BME680/smlib/Testing/BME680_Test/timer" -I"E:/Unmei Ongaku Workspace/Sensors/BME680/smlib/Testing/BME680_Test/bme680" -I"E:/Unmei Ongaku Workspace/Sensors/BME680/smlib/Testing/BME680_Test/bme680/bme680_state_machine" -I../Drivers/STM32F4xx_HAL_Driver/Inc -I../Drivers/STM32F4xx_HAL_Driver/Inc/Legacy -I../Drivers/CMSIS/Device/ST/STM32F4xx/Include -I../Drivers/CMSIS/Include -O0 -ffunction-sections -fdata-sections -Wall -fstack-usage -fcyclomatic-complexity -MMD -MP -MF"bme680/bme680_common.d" -MT"bme680/bme680_common.o" --specs=nano.specs -mfpu=fpv4-sp-d16 -mfloat-abi=hard -mthumb -o "bme680/bme680_common.o"
arm-none-eabi-gcc "../bme680/bme_callback.c" -mcpu=cortex-m4 -std=gnu11 -g3 -DDEBUG -DUSE_HAL_DRIVER -DSTM32F405xx -c -I../Core/Inc -I"E:/Unmei Ongaku Workspace/Sensors/BME680/smlib/Testing/BME680_Test/timer" -I"E:/Unmei Ongaku Workspace/Sensors/BME680/smlib/Testing/BME680_Test/bme680" -I"E:/Unmei Ongaku Workspace/Sensors/BME680/smlib/Testing/BME680_Test/bme680/bme680_state_machine" -I../Drivers/STM32F4xx_HAL_Driver/Inc -I../Drivers/STM32F4xx_HAL_Driver/Inc/Legacy -I../Drivers/CMSIS/Device/ST/STM32F4xx/Include -I../Drivers/CMSIS/Include -O0 -ffunction-sections -fdata-sections -Wall -fstack-usage -fcyclomatic-complexity -MMD -MP -MF"bme680/bme_callback.d" -MT"bme680/bme_callback.o" --specs=nano.specs -mfpu=fpv4-sp-d16 -mfloat-abi=hard -mthumb -o "bme680/bme_callback.o"
arm-none-eabi-gcc "../Drivers/STM32F4xx_HAL_Driver/Src/stm32f4xx_hal_cortex.c" -mcpu=cortex-m4 -std=gnu11 -g3 -DDEBUG -DUSE_HAL_DRIVER -DSTM32F405xx -c -I../Core/Inc -I"E:/Unmei Ongaku Workspace/Sensors/BME680/smlib/Testing/BME680_Test/timer" -I"E:/Unmei Ongaku Workspace/Sensors/BME680/smlib/Testing/BME680_Test/bme680" -I"E:/Unmei Ongaku Workspace/Sensors/BME680/smlib/Testing/BME680_Test/bme680/bme680_state_machine" -I../Drivers/STM32F4xx_HAL_Driver/Inc -I../Drivers/STM32F4xx_HAL_Driver/Inc/Legacy -I../Drivers/CMSIS/Device/ST/STM32F4xx/Include -I../Drivers/CMSIS/Include -O0 -ffunction-sections -fdata-sections -Wall -fstack-usage -fcyclomatic-complexity -MMD -MP -MF"Drivers/STM32F4xx_HAL_Driver/Src/stm32f4xx_hal_cortex.d" -MT"Drivers/STM32F4xx_HAL_Driver/Src/stm32f4xx_hal_cortex.o" --specs=nano.specs -mfpu=fpv4-sp-d16 -mfloat-abi=hard -mthumb -o "Drivers/STM32F4xx_HAL_Driver/Src/stm32f4xx_hal_cortex.o"
arm-none-eabi-gcc "../Drivers/STM32F4xx_HAL_Driver/Src/stm32f4xx_hal_dma.c" -mcpu=cortex-m4 -std=gnu11 -g3 -DDEBUG -DUSE_HAL_DRIVER -DSTM32F405xx -c -I../Core/Inc -I"E:/Unmei Ongaku Workspace/Sensors/BME680/smlib/Testing/BME680_Test/timer" -I"E:/Unmei Ongaku Workspace/Sensors/BME680/smlib/Testing/BME680_Test/bme680" -I"E:/Unmei Ongaku Workspace/Sensors/BME680/smlib/Testing/BME680_Test/bme680/bme680_state_machine" -I../Drivers/STM32F4xx_HAL_Driver/Inc -I../Drivers/STM32F4xx_HAL_Driver/Inc/Legacy -I../Drivers/CMSIS/Device/ST/STM32F4xx/Include -I../Drivers/CMSIS/Include -O0 -ffunction-sections -fdata-sections -Wall -fstack-usage -fcyclomatic-complexity -MMD -MP -MF"Drivers/STM32F4xx_HAL_Driver/Src/stm32f4xx_hal_dma.d" -MT"Drivers/STM32F4xx_HAL_Driver/Src/stm32f4xx_hal_dma.o" --specs=nano.specs -mfpu=fpv4-sp-d16 -mfloat-abi=hard -mthumb -o "Drivers/STM32F4xx_HAL_Driver/Src/stm32f4xx_hal_dma.o"
arm-none-eabi-gcc "../Drivers/STM32F4xx_HAL_Driver/Src/stm32f4xx_hal_dma_ex.c" -mcpu=cortex-m4 -std=gnu11 -g3 -DDEBUG -DUSE_HAL_DRIVER -DSTM32F405xx -c -I../Core/Inc -I"E:/Unmei Ongaku Workspace/Sensors/BME680/smlib/Testing/BME680_Test/timer" -I"E:/Unmei Ongaku Workspace/Sensors/BME680/smlib/Testing/BME680_Test/bme680" -I"E:/Unmei Ongaku Workspace/Sensors/BME680/smlib/Testing/BME680_Test/bme680/bme680_state_machine" -I../Drivers/STM32F4xx_HAL_Driver/Inc -I../Drivers/STM32F4xx_HAL_Driver/Inc/Legacy -I../Drivers/CMSIS/Device/ST/STM32F4xx/Include -I../Drivers/CMSIS/Include -O0 -ffunction-sections -fdata-sections -Wall -fstack-usage -fcyclomatic-complexity -MMD -MP -MF"Drivers/STM32F4xx_HAL_Driver/Src/stm32f4xx_hal_dma_ex.d" -MT"Drivers/STM32F4xx_HAL_Driver/Src/stm32f4xx_hal_dma_ex.o" --specs=nano.specs -mfpu=fpv4-sp-d16 -mfloat-abi=hard -mthumb -o "Drivers/STM32F4xx_HAL_Driver/Src/stm32f4xx_hal_dma_ex.o"
arm-none-eabi-gcc "../Drivers/STM32F4xx_HAL_Driver/Src/stm32f4xx_hal_exti.c" -mcpu=cortex-m4 -std=gnu11 -g3 -DDEBUG -DUSE_HAL_DRIVER -DSTM32F405xx -c -I../Core/Inc -I"E:/Unmei Ongaku Workspace/Sensors/BME680/smlib/Testing/BME680_Test/timer" -I"E:/Unmei Ongaku Workspace/Sensors/BME680/smlib/Testing/BME680_Test/bme680" -I"E:/Unmei Ongaku Workspace/Sensors/BME680/smlib/Testing/BME680_Test/bme680/bme680_state_machine" -I../Drivers/STM32F4xx_HAL_Driver/Inc -I../Drivers/STM32F4xx_HAL_Driver/Inc/Legacy -I../Drivers/CMSIS/Device/ST/STM32F4xx/Include -I../Drivers/CMSIS/Include -O0 -ffunction-sections -fdata-sections -Wall -fstack-usage -fcyclomatic-complexity -MMD -MP -MF"Drivers/STM32F4xx_HAL_Driver/Src/stm32f4xx_hal_exti.d" -MT"Drivers/STM32F4xx_HAL_Driver/Src/stm32f4xx_hal_exti.o" --specs=nano.specs -mfpu=fpv4-sp-d16 -mfloat-abi=hard -mthumb -o "Drivers/STM32F4xx_HAL_Driver/Src/stm32f4xx_hal_exti.o"
../bme680/bme680_state_machine/bme_active_object.c: In function 'led_nofti_bme_false':
../bme680/bme680_state_machine/bme_active_object.c:73:9: warning: implicit declaration of function 'HAL_GPIO_WritePin' [-Wimplicit-function-declaration]
   73 |         HAL_GPIO_WritePin(LED_GPIO_Port,LED_Pin, SET);
      |         ^~~~~~~~~~~~~~~~~
../bme680/bme680_state_machine/bme_active_object.c:73:27: error: 'LED_GPIO_Port' undeclared (first use in this function)
   73 |         HAL_GPIO_WritePin(LED_GPIO_Port,LED_Pin, SET);
      |                           ^~~~~~~~~~~~~
../bme680/bme680_state_machine/bme_active_object.c:73:27: note: each undeclared identifier is reported only once for each function it appears in
../bme680/bme680_state_machine/bme_active_object.c:73:41: error: 'LED_Pin' undeclared (first use in this function)
   73 |         HAL_GPIO_WritePin(LED_GPIO_Port,LED_Pin, SET);
      |                                         ^~~~~~~
../bme680/bme680_state_machine/bme_active_object.c:73:50: error: 'SET' undeclared (first use in this function)
   73 |         HAL_GPIO_WritePin(LED_GPIO_Port,LED_Pin, SET);
      |                                                  ^~~
../bme680/bme680_state_machine/bme_active_object.c:74:9: warning: implicit declaration of function 'delay_ms' [-Wimplicit-function-declaration]
   74 |         delay_ms(time_t);
      |         ^~~~~~~~
../bme680/bme680_state_machine/bme_active_object.c:75:50: error: 'RESET' undeclared (first use in this function)
   75 |         HAL_GPIO_WritePin(LED_GPIO_Port,LED_Pin, RESET);
      |                                                  ^~~~~
../bme680/bme680_state_machine/bme_active_object.c: In function 'led_nofti_bme_success':
../bme680/bme680_state_machine/bme_active_object.c:80:27: error: 'LED_GPIO_Port' undeclared (first use in this function)
   80 |         HAL_GPIO_WritePin(LED_GPIO_Port,LED_Pin, SET);
      |                           ^~~~~~~~~~~~~
../bme680/bme680_state_machine/bme_active_object.c:80:41: error: 'LED_Pin' undeclared (first use in this function)
   80 |         HAL_GPIO_WritePin(LED_GPIO_Port,LED_Pin, SET);
      |                                         ^~~~~~~
../bme680/bme680_state_machine/bme_active_object.c:80:50: error: 'SET' undeclared (first use in this function)
   80 |         HAL_GPIO_WritePin(LED_GPIO_Port,LED_Pin, SET);
      |                                                  ^~~
../bme680/bme680_common.c:11:10: fatal error: delay_us.h: No such file or directory
   11 | #include "delay_us.h"
      |          ^~~~~~~~~~~~
compilation terminated.
../bme680/bme680_state_machine/bme_active_object.c:82:50: error: 'RESET' undeclared (first use in this function)
   82 |         HAL_GPIO_WritePin(LED_GPIO_Port,LED_Pin, RESET);
      |                                                  ^~~~~
../bme680/bme680_state_machine/bme_active_object.c: In function 'bme_proobject_state_handle_BME_READING_SENSORS_SM':
../bme680/bme680_state_machine/bme_active_object.c:263:25: error: 'params' undeclared (first use in this function)
  263 |                         params.bme_temp_t1 = mobj->data_calib.par_t1;
      |                         ^~~~~~
../bme680/bme680_state_machine/bme_active_object.c: In function 'bme_get_altitude_from_sea_level':
../bme680/bme680_state_machine/bme_active_object.c:418:31: error: 'params' undeclared (first use in this function)
  418 |         altitude_sea_level = (params.T0_temp/params.lapse_rate)*(1.0f-pow((pressure_cb/100)/params.SEA_Level_Pressure,0.1903));
      |                               ^~~~~~
../bme680/bme680_state_machine/bme_active_object.c: In function 'bme_get_altitude_from_body_to_base':
../bme680/bme680_state_machine/bme_active_object.c:426:44: error: 'params' undeclared (first use in this function)
  426 |                 altitude_sea_level_base = (params.T0_temp/params.lapse_rate)*(1.0f-pow((pressure_base/100)/params.SEA_Level_Pressure,0.1903));
      |                                            ^~~~~~
../bme680/bme_callback.c:14:1: warning: data definition has no type or storage class
   14 | TID(gtid_bme);
      | ^~~
../bme680/bme_callback.c:14:1: warning: type defaults to 'int' in declaration of 'TID' [-Wimplicit-int]
[...]
../Core/Src/main.c: In function 'main':
../Core/Src/main.c:95:3: error: too few arguments to function 'init_bme680'
   95 |   init_bme680();
      |   ^~~~~~~~~~~
In file included from ../Core/Src/main.c:29:
E:/Unmei Ongaku Workspace/Sensors/BME680/smlib/Testing/BME680_Test/bme680/sig_sensors.h:44:6: note: declared here
   44 | void init_bme680(st_bme680_t *bme);
      |      ^~~~~~~~~~~
../Core/Src/main.c:124:42: error: 'bme' undeclared (first use in this function)
  124 |           bme680_get_sensor_data(&data, &bme.gas_sensor);
      |                                          ^~~
../Core/Src/main.c:124:42: note: each undeclared identifier is reported only once for each function it appears in
../Core/Src/main.c:136:33: error: too few arguments to function 'bme_GetGasReference'
  136 |                                 bme_GetGasReference();
      |                                 ^~~~~~~~~~~~~~~~~~~
In file included from ../Core/Src/main.c:29:
E:/Unmei Ongaku Workspace/Sensors/BME680/smlib/Testing/BME680_Test/bme680/sig_sensors.h:45:6: note: declared here
   45 | void bme_GetGasReference(st_bme680_t *bme);
      |      ^~~~~~~~~~~~~~~~~~~
../Core/Src/main.c:138:43: error: too few arguments to function 'bme_GetHumidityScore'
  138 |                         bme_calculateIAQ( bme_GetHumidityScore() + bme_GetGasScore() );
      |                                           ^~~~~~~~~~~~~~~~~~~~
In file included from ../Core/Src/main.c:29:
E:/Unmei Ongaku Workspace/Sensors/BME680/smlib/Testing/BME680_Test/bme680/sig_sensors.h:47:9: note: declared here
   47 | int16_t bme_GetHumidityScore(st_bme680_t *bme);
      |         ^~~~~~~~~~~~~~~~~~~~
../Core/Src/main.c:138:68: error: too few arguments to function 'bme_GetGasScore'
  138 |                         bme_calculateIAQ( bme_GetHumidityScore() + bme_GetGasScore() );
      |                                                                    ^~~~~~~~~~~~~~~
In file included from ../Core/Src/main.c:29:
E:/Unmei Ongaku Workspace/Sensors/BME680/smlib/Testing/BME680_Test/bme680/sig_sensors.h:46:9: note: declared here
   46 | int16_t bme_GetGasScore(st_bme680_t *bme);
      |         ^~~~~~~~~~~~~~~
../Core/Src/main.c: In function 'fnAPP_Init_Standard_Values':
../Core/Src/main.c:225:9: error: 'bme' undeclared (first use in this function)
  225 |         bme.gas_weighting = 0.75;
      |         ^~~
make: *** [Core/Src/subdir.mk:40: Core/Src/main.o] Error 1
"make -j8 all" terminated with exit code 2. Build might be incomplete.
15:50:27 **** Incremental Build of configuration Debug for project BME680_Test ****
make -j8 all 
arm-none-eabi-gcc "../Core/Src/main.c" -mcpu=cortex-m4 -std=gnu11 -g3 -DDEBUG -DUSE_HAL_DRIVER -DSTM32F405xx -c -I../Core/Inc -I"E:/Unmei Ongaku Workspace/Sensors/BME680/smlib/Testing/BME680_Test/timer" -I"E:/Unmei Ongaku Workspace/Sensors/BME680/smlib/Testing/BME680_Test/bme680" -I../Drivers/STM32F4xx_HAL_Driver/Inc -I../Drivers/STM32F4xx_HAL_Driver/Inc/Legacy -I../Drivers/CMSIS/Device/ST/STM32F4xx/Include -I../Drivers/CMSIS/Include -O0 -ffunction-sections -fdata-sections -Wall -fstack-usage -fcyclomatic-complexity -MMD -MP -MF"Core/Src/main.d" -MT"Core/Src/main.o" --specs=nano.specs -mfpu=fpv4-sp-d16 -mfloat-abi=hard -mthumb -o "Core/Src/main.o"
../Core/Src/main.c: In function 'main':
../Core/Src/main.c:95:3: error: too few arguments to function 'init_bme680'
   95 |   init_bme680();
      |   ^~~~~~~~~~~
In file included from ../Core/Src/main.c:29:
E:/Unmei Ongaku Workspace/Sensors/BME680/smlib/Testing/BME680_Test/bme680/sig_sensors.h:44:6: note: declared here
   44 | void init_bme680(st_bme680_t *bme);
      |      ^~~~~~~~~~~
../Core/Src/main.c:124:42: error: 'bme' undeclared (first use in this function)
  124 |           bme680_get_sensor_data(&data, &bme.gas_sensor);
      |                                          ^~~
../Core/Src/main.c:124:42: note: each undeclared identifier is reported only once for each function it appears in
../Core/Src/main.c:136:33: error: too few arguments to function 'bme_GetGasReference'
  136 |                                 bme_GetGasReference();
      |                                 ^~~~~~~~~~~~~~~~~~~
In file included from ../Core/Src/main.c:29:
E:/Unmei Ongaku Workspace/Sensors/BME680/smlib/Testing/BME680_Test/bme680/sig_sensors.h:45:6: note: declared here
   45 | void bme_GetGasReference(st_bme680_t *bme);
      |      ^~~~~~~~~~~~~~~~~~~
../Core/Src/main.c:138:43: error: too few arguments to function 'bme_GetHumidityScore'
  138 |                         bme_calculateIAQ( bme_GetHumidityScore() + bme_GetGasScore() );
      |                                           ^~~~~~~~~~~~~~~~~~~~
In file included from ../Core/Src/main.c:29:
E:/Unmei Ongaku Workspace/Sensors/BME680/smlib/Testing/BME680_Test/bme680/sig_sensors.h:47:9: note: declared here
   47 | int16_t bme_GetHumidityScore(st_bme680_t *bme);
      |         ^~~~~~~~~~~~~~~~~~~~
../Core/Src/main.c:138:68: error: too few arguments to function 'bme_GetGasScore'
  138 |                         bme_calculateIAQ( bme_GetHumidityScore() + bme_GetGasScore() );
      |                                                                    ^~~~~~~~~~~~~~~
In file included from ../Core/Src/main.c:29:
E:/Unmei Ongaku Workspace/Sensors/BME680/smlib/Testing/BME680_Test/bme680/sig_sensors.h:46:9: note: declared here
   46 | int16_t bme_GetGasScore(st_bme680_t *bme);
      |         ^~~~~~~~~~~~~~~
../Core/Src/main.c: In function 'fnAPP_Init_Standard_Values':
../Core/Src/main.c:225:9: error: 'bme' undeclared (first use in this function)
  225 |         bme.gas_weighting = 0.75;
      |         ^~~
make: *** [Core/Src/subdir.mk:40: Core/Src/main.o] Error 1
"make -j8 all" terminated with exit code 2. Build might be incomplete.
15:50:46 **** Incremental Build of configuration Debug for project BME680_Test ****
make -j8 all 
arm-none-eabi-gcc "../Core/Src/main.c" -mcpu=cortex-m4 -std=gnu11 -g3 -DDEBUG -DUSE_HAL_DRIVER -DSTM32F405xx -c -I../Core/Inc -I"E:/Unmei Ongaku Workspace/Sensors/BME680/smlib/Testing/BME680_Test/timer" -I"E:/Unmei Ongaku Workspace/Sensors/BME680/smlib/Testing/BME680_Test/bme680" -I../Drivers/STM32F4xx_HAL_Driver/Inc -I../Drivers/STM32F4xx_HAL_Driver/Inc/Legacy -I../Drivers/CMSIS/Device/ST/STM32F4xx/Include -I../Drivers/CMSIS/Include -O0 -ffunction-sections -fdata-sections -Wall -fstack-usage -fcyclomatic-complexity -MMD -MP -MF"Core/Src/main.d" -MT"Core/Src/main.o" --specs=nano.specs -mfpu=fpv4-sp-d16 -mfloat-abi=hard -mthumb -o "Core/Src/main.o"
../Core/Src/main.c: In function 'main':
../Core/Src/main.c:95:16: error: expected expression before ')' token
   95 |   init_bme680(&);
      |                ^
../Core/Src/main.c:136:33: error: too few arguments to function 'bme_GetGasReference'
  136 |                                 bme_GetGasReference();
      |                                 ^~~~~~~~~~~~~~~~~~~
In file included from ../Core/Src/main.c:29:
E:/Unmei Ongaku Workspace/Sensors/BME680/smlib/Testing/BME680_Test/bme680/sig_sensors.h:45:6: note: declared here
   45 | void bme_GetGasReference(st_bme680_t *bme);
      |      ^~~~~~~~~~~~~~~~~~~
../Core/Src/main.c:138:43: error: too few arguments to function 'bme_GetHumidityScore'
  138 |                         bme_calculateIAQ( bme_GetHumidityScore() + bme_GetGasScore() );
      |                                           ^~~~~~~~~~~~~~~~~~~~
In file included from ../Core/Src/main.c:29:
E:/Unmei Ongaku Workspace/Sensors/BME680/smlib/Testing/BME680_Test/bme680/sig_sensors.h:47:9: note: declared here
   47 | int16_t bme_GetHumidityScore(st_bme680_t *bme);
      |         ^~~~~~~~~~~~~~~~~~~~
../Core/Src/main.c:138:68: error: too few arguments to function 'bme_GetGasScore'
  138 |                         bme_calculateIAQ( bme_GetHumidityScore() + bme_GetGasScore() );
      |                                                                    ^~~~~~~~~~~~~~~
In file included from ../Core/Src/main.c:29:
E:/Unmei Ongaku Workspace/Sensors/BME680/smlib/Testing/BME680_Test/bme680/sig_sensors.h:46:9: note: declared here
   46 | int16_t bme_GetGasScore(st_bme680_t *bme);
      |         ^~~~~~~~~~~~~~~
make: *** [Core/Src/subdir.mk:40: Core/Src/main.o] Error 1
"make -j8 all" terminated with exit code 2. Build might be incomplete.
15:50:48 **** Incremental Build of configuration Debug for project BME680_Test ****
make -j8 all 
arm-none-eabi-gcc "../Core/Src/main.c" -mcpu=cortex-m4 -std=gnu11 -g3 -DDEBUG -DUSE_HAL_DRIVER -DSTM32F405xx -c -I../Core/Inc -I"E:/Unmei Ongaku Workspace/Sensors/BME680/smlib/Testing/BME680_Test/timer" -I"E:/Unmei Ongaku Workspace/Sensors/BME680/smlib/Testing/BME680_Test/bme680" -I../Drivers/STM32F4xx_HAL_Driver/Inc -I../Drivers/STM32F4xx_HAL_Driver/Inc/Legacy -I../Drivers/CMSIS/Device/ST/STM32F4xx/Include -I../Drivers/CMSIS/Include -O0 -ffunction-sections -fdata-sections -Wall -fstack-usage -fcyclomatic-complexity -MMD -MP -MF"Core/Src/main.d" -MT"Core/Src/main.o" --specs=nano.specs -mfpu=fpv4-sp-d16 -mfloat-abi=hard -mthumb -o "Core/Src/main.o"
../Core/Src/main.c: In function 'main':
../Core/Src/main.c:95:16: error: expected expression before ')' token
   95 |   init_bme680(&);
      |                ^
../Core/Src/main.c:136:33: error: too few arguments to function 'bme_GetGasReference'
  136 |                                 bme_GetGasReference();
      |                                 ^~~~~~~~~~~~~~~~~~~
In file included from ../Core/Src/main.c:29:
E:/Unmei Ongaku Workspace/Sensors/BME680/smlib/Testing/BME680_Test/bme680/sig_sensors.h:45:6: note: declared here
   45 | void bme_GetGasReference(st_bme680_t *bme);
      |      ^~~~~~~~~~~~~~~~~~~
../Core/Src/main.c:138:43: error: too few arguments to function 'bme_GetHumidityScore'
  138 |                         bme_calculateIAQ( bme_GetHumidityScore() + bme_GetGasScore() );
      |                                           ^~~~~~~~~~~~~~~~~~~~
In file included from ../Core/Src/main.c:29:
E:/Unmei Ongaku Workspace/Sensors/BME680/smlib/Testing/BME680_Test/bme680/sig_sensors.h:47:9: note: declared here
   47 | int16_t bme_GetHumidityScore(st_bme680_t *bme);
      |         ^~~~~~~~~~~~~~~~~~~~
../Core/Src/main.c:138:68: error: too few arguments to function 'bme_GetGasScore'
  138 |                         bme_calculateIAQ( bme_GetHumidityScore() + bme_GetGasScore() );
      |                                                                    ^~~~~~~~~~~~~~~
In file included from ../Core/Src/main.c:29:
E:/Unmei Ongaku Workspace/Sensors/BME680/smlib/Testing/BME680_Test/bme680/sig_sensors.h:46:9: note: declared here
   46 | int16_t bme_GetGasScore(st_bme680_t *bme);
      |         ^~~~~~~~~~~~~~~
make: *** [Core/Src/subdir.mk:40: Core/Src/main.o] Error 1
"make -j8 all" terminated with exit code 2. Build might be incomplete.
15:50:57 **** Incremental Build of configuration Debug for project BME680_Test ****
make -j8 all 
arm-none-eabi-gcc "../Core/Src/main.c" -mcpu=cortex-m4 -std=gnu11 -g3 -DDEBUG -DUSE_HAL_DRIVER -DSTM32F405xx -c -I../Core/Inc -I"E:/Unmei Ongaku Workspace/Sensors/BME680/smlib/Testing/BME680_Test/timer" -I"E:/Unmei Ongaku Workspace/Sensors/BME680/smlib/Testing/BME680_Test/bme680" -I../Drivers/STM32F4xx_HAL_Driver/Inc -I../Drivers/STM32F4xx_HAL_Driver/Inc/Legacy -I../Drivers/CMSIS/Device/ST/STM32F4xx/Include -I../Drivers/CMSIS/Include -O0 -ffunction-sections -fdata-sections -Wall -fstack-usage -fcyclomatic-complexity -MMD -MP -MF"Core/Src/main.d" -MT"Core/Src/main.o" --specs=nano.specs -mfpu=fpv4-sp-d16 -mfloat-abi=hard -mthumb -o "Core/Src/main.o"
../Core/Src/main.c: In function 'main':
../Core/Src/main.c:136:33: error: too few arguments to function 'bme_GetGasReference'
  136 |                                 bme_GetGasReference();
      |                                 ^~~~~~~~~~~~~~~~~~~
In file included from ../Core/Src/main.c:29:
E:/Unmei Ongaku Workspace/Sensors/BME680/smlib/Testing/BME680_Test/bme680/sig_sensors.h:45:6: note: declared here
   45 | void bme_GetGasReference(st_bme680_t *bme);
      |      ^~~~~~~~~~~~~~~~~~~
../Core/Src/main.c:138:43: error: too few arguments to function 'bme_GetHumidityScore'
  138 |                         bme_calculateIAQ( bme_GetHumidityScore() + bme_GetGasScore() );
      |                                           ^~~~~~~~~~~~~~~~~~~~
In file included from ../Core/Src/main.c:29:
E:/Unmei Ongaku Workspace/Sensors/BME680/smlib/Testing/BME680_Test/bme680/sig_sensors.h:47:9: note: declared here
   47 | int16_t bme_GetHumidityScore(st_bme680_t *bme);
      |         ^~~~~~~~~~~~~~~~~~~~
../Core/Src/main.c:138:68: error: too few arguments to function 'bme_GetGasScore'
  138 |                         bme_calculateIAQ( bme_GetHumidityScore() + bme_GetGasScore() );
      |                                                                    ^~~~~~~~~~~~~~~
In file included from ../Core/Src/main.c:29:
E:/Unmei Ongaku Workspace/Sensors/BME680/smlib/Testing/BME680_Test/bme680/sig_sensors.h:46:9: note: declared here
   46 | int16_t bme_GetGasScore(st_bme680_t *bme);
      |         ^~~~~~~~~~~~~~~
make: *** [Core/Src/subdir.mk:40: Core/Src/main.o] Error 1
"make -j8 all" terminated with exit code 2. Build might be incomplete.
15:51:08 **** Incremental Build of configuration Debug for project BME680_Test ****
make -j8 all 
arm-none-eabi-gcc "../Core/Src/main.c" -mcpu=cortex-m4 -std=gnu11 -g3 -DDEBUG -DUSE_HAL_DRIVER -DSTM32F405xx -c -I../Core/Inc -I"E:/Unmei Ongaku Workspace/Sensors/BME680/smlib/Testing/BME680_Test/timer" -I"E:/Unmei Ongaku Workspace/Sensors/BME680/smlib/Testing/BME680_Test/bme680" -I../Drivers/STM32F4xx_HAL_Driver/Inc -I../Drivers/STM32F4xx_HAL_Driver/Inc/Legacy -I../Drivers/CMSIS/Device/ST/STM32F4xx/Include -I../Drivers/CMSIS/Include -O0 -ffunction-sections -fdata-sections -Wall -fstack-usage -fcyclomatic-complexity -MMD -MP -MF"Core/Src/main.d" -MT"Core/Src/main.o" --specs=nano.specs -mfpu=fpv4-sp-d16 -mfloat-abi=hard -mthumb -o "Core/Src/main.o"
arm-none-eabi-gcc -o "BME680_Test.elf" @"objects.list"   -mcpu=cortex-m4 -T"E:\Unmei Ongaku Workspace\Sensors\BME680\smlib\Testing\BME680_Test\STM32F405RGTX_FLASH.ld" --specs=nosys.specs -Wl,-Map="BME680_Test.map" -Wl,--gc-sections -static --specs=nano.specs -mfpu=fpv4-sp-d16 -mfloat-abi=hard -mthumb -Wl,--start-group -lc -lm -Wl,--end-group
C:/ST/STM32CubeIDE_1.13.2/STM32CubeIDE/plugins/com.st.stm32cube.ide.mcu.externaltools.gnu-tools-for-stm32.11.3.rel1.win32_1.1.1.202309131626/tools/bin/../lib/gcc/arm-none-eabi/11.3.1/../../../../arm-none-eabi/bin/ld.exe: ./bme680/sig_sensors.o:E:/Unmei Ongaku Workspace/Sensors/BME680/smlib/Testing/BME680_Test/Debug/../bme680/sig_sensors.h:41: multiple definition of `bat'; ./Core/Src/main.o:E:/Unmei Ongaku Workspace/Sensors/BME680/smlib/Testing/BME680_Test/bme680/sig_sensors.h:41: first defined here
collect2.exe: error: ld returned 1 exit status
make: *** [makefile:66: BME680_Test.elf] Error 1
"make -j8 all" terminated with exit code 2. Build might be incomplete.
15:51:48 **** Incremental Build of configuration Debug for project BME680_Test ****
make -j8 all 
arm-none-eabi-gcc "../bme680/sig_sensors.c" -mcpu=cortex-m4 -std=gnu11 -g3 -DDEBUG -DUSE_HAL_DRIVER -DSTM32F405xx -c -I../Core/Inc -I"E:/Unmei Ongaku Workspace/Sensors/BME680/smlib/Testing/BME680_Test/timer" -I"E:/Unmei Ongaku Workspace/Sensors/BME680/smlib/Testing/BME680_Test/bme680" -I../Drivers/STM32F4xx_HAL_Driver/Inc -I../Drivers/STM32F4xx_HAL_Driver/Inc/Legacy -I../Drivers/CMSIS/Device/ST/STM32F4xx/Include -I../Drivers/CMSIS/Include -O0 -ffunction-sections -fdata-sections -Wall -fstack-usage -fcyclomatic-complexity -MMD -MP -MF"bme680/sig_sensors.d" -MT"bme680/sig_sensors.o" --specs=nano.specs -mfpu=fpv4-sp-d16 -mfloat-abi=hard -mthumb -o "bme680/sig_sensors.o"
arm-none-eabi-gcc "../Core/Src/main.c" -mcpu=cortex-m4 -std=gnu11 -g3 -DDEBUG -DUSE_HAL_DRIVER -DSTM32F405xx -c -I../Core/Inc -I"E:/Unmei Ongaku Workspace/Sensors/BME680/smlib/Testing/BME680_Test/timer" -I"E:/Unmei Ongaku Workspace/Sensors/BME680/smlib/Testing/BME680_Test/bme680" -I../Drivers/STM32F4xx_HAL_Driver/Inc -I../Drivers/STM32F4xx_HAL_Driver/Inc/Legacy -I../Drivers/CMSIS/Device/ST/STM32F4xx/Include -I../Drivers/CMSIS/Include -O0 -ffunction-sections -fdata-sections -Wall -fstack-usage -fcyclomatic-complexity -MMD -MP -MF"Core/Src/main.d" -MT"Core/Src/main.o" --specs=nano.specs -mfpu=fpv4-sp-d16 -mfloat-abi=hard -mthumb -o "Core/Src/main.o"
../bme680/sig_sensors.c: In function 'init_bme680':
../bme680/sig_sensors.c:30:17: warning: implicit declaration of function 'printf' [-Wimplicit-function-declaration]
   30 |                 printf("Erro ao inicializar BME = %d\r\n", rslt);
      |                 ^~~~~~
../bme680/sig_sensors.c:9:1: note: include '<stdio.h>' or provide a declaration of 'printf'
    8 | #include "sig_sensors.h"
  +++ |+#include <stdio.h>
    9 | 
../bme680/sig_sensors.c:30:17: warning: incompatible implicit declaration of built-in function 'printf' [-Wbuiltin-declaration-mismatch]
   30 |                 printf("Erro ao inicializar BME = %d\r\n", rslt);
      |                 ^~~~~~
../bme680/sig_sensors.c:30:17: note: include '<stdio.h>' or provide a declaration of 'printf'
arm-none-eabi-gcc -o "BME680_Test.elf" @"objects.list"   -mcpu=cortex-m4 -T"E:\Unmei Ongaku Workspace\Sensors\BME680\smlib\Testing\BME680_Test\STM32F405RGTX_FLASH.ld" --specs=nosys.specs -Wl,-Map="BME680_Test.map" -Wl,--gc-sections -static --specs=nano.specs -mfpu=fpv4-sp-d16 -mfloat-abi=hard -mthumb -Wl,--start-group -lc -lm -Wl,--end-group
Finished building target: BME680_Test.elf
 
arm-none-eabi-size   BME680_Test.elf 
arm-none-eabi-objdump -h -S  BME680_Test.elf  > "BME680_Test.list"
   text	   data	    bss	    dec	    hex	filename
  23488	    112	   2128	  25728	   6480	BME680_Test.elf
Finished building: default.size.stdout
 
Finished building: BME680_Test.list
 
15:51:53 **** Incremental Build of configuration Debug for project BME680_Test ****
make -j8 all 
arm-none-eabi-size   BME680_Test.elf 
   text	   data	    bss	    dec	    hex	filename
  23488	    112	   2128	  25728	   6480	BME680_Test.elf
Finished building: default.size.stdout
 
15:52:19 **** Incremental Build of configuration Debug for project BME680_Test ****
make -j8 all 
arm-none-eabi-size   BME680_Test.elf 
   text	   data	    bss	    dec	    hex	filename
  23488	    112	   2128	  25728	   6480	BME680_Test.elf
Finished building: default.size.stdout
 
15:53:35 **** Incremental Build of configuration Debug for project BME680_Test ****
make -j8 all 
arm-none-eabi-size   BME680_Test.elf 
   text	   data	    bss	    dec	    hex	filename
  23488	    112	   2128	  25728	   6480	BME680_Test.elf
Finished building: default.size.stdout
 
15:53:42 **** Incremental Build of configuration Debug for project BME680_Test ****
make -j8 all 
arm-none-eabi-size   BME680_Test.elf 
   text	   data	    bss	    dec	    hex	filename
  23488	    112	   2128	  25728	   6480	BME680_Test.elf
Finished building: default.size.stdout
 
15:53:46 **** Incremental Build of configuration Debug for project BME680_Test ****
make -j8 all 
arm-none-eabi-size   BME680_Test.elf 
   text	   data	    bss	    dec	    hex	filename
  23488	    112	   2128	  25728	   6480	BME680_Test.elf
Finished building: default.size.stdout
 
15:53:58 **** Incremental Build of configuration Debug for project BME680_Test ****
make -j8 all 
arm-none-eabi-size   BME680_Test.elf 
   text	   data	    bss	    dec	    hex	filename
  23488	    112	   2128	  25728	   6480	BME680_Test.elf
Finished building: default.size.stdout
 
