../bme680/bme68x.c:147:8:bme68x_init	24	static
../bme680/bme68x.c:180:8:bme68x_set_regs	56	static
../bme680/bme68x.c:237:8:bme68x_get_regs	32	static
../bme680/bme68x.c:272:8:bme68x_soft_reset	24	static
../bme680/bme68x.c:314:8:bme68x_set_conf	40	static
../bme680/bme68x.c:398:8:bme68x_get_conf	24	static
../bme680/bme68x.c:433:8:bme68x_set_op_mode	24	static
../bme680/bme68x.c:470:8:bme68x_get_op_mode	24	static
../bme680/bme68x.c:493:10:bme68x_get_meas_dur	48	static
../bme680/bme68x.c:543:8:bme68x_get_data	120	static
../bme680/bme68x.c:633:8:bme68x_set_heatr_conf	40	static
../bme680/bme68x.c:690:8:bme68x_get_heatr_conf	32	static
../bme680/bme68x.c:730:8:bme68x_selftest_check	272	static
../bme680/bme68x.c:1018:14:calc_temperature	32	static
../bme680/bme68x.c:1042:14:calc_pressure	32	static
../bme680/bme68x.c:1075:14:calc_humidity	40	static
../bme680/bme68x.c:1108:14:calc_gas_resistance_low	176	static
../bme680/bme68x.c:1132:14:calc_gas_resistance_high	32	static
../bme680/bme68x.c:1147:16:calc_res_heat	48	static
../bme680/bme68x.c:1178:16:calc_gas_wait	24	static
../bme680/bme68x.c:1202:15:read_field_data	64	static
../bme680/bme68x.c:1291:15:read_all_field_data	128	static
../bme680/bme68x.c:1369:15:set_mem_page	24	static
../bme680/bme68x.c:1414:15:get_mem_page	24	static
../bme680/bme68x.c:1438:15:boundary_check	32	static
../bme680/bme68x.c:1462:15:null_ptr_check	24	static
../bme680/bme68x.c:1476:15:set_conf	88	static
../bme680/bme68x.c:1564:16:calc_heatr_dur_shared	24	static
../bme680/bme68x.c:1590:13:sort_sensor_data	24	static
../bme680/bme68x.c:1713:13:swap_fields	24	static
../bme680/bme68x.c:1723:15:analyze_sensor_data	24	static
../bme680/bme68x.c:1771:15:get_calib_data	64	static
../bme680/bme68x.c:1845:15:read_variant_id	24	static
